Archive member included to satisfy reference by file (symbol)

c:/st/stm32cubeide_1.10.1/stm32cubeide/plugins/com.st.stm32cube.ide.mcu.externaltools.gnu-tools-for-stm32.10.3-2021.10.win32_1.0.0.202111181127/tools/bin/../lib/gcc/arm-none-eabi/10.3.1/../../../../arm-none-eabi/lib/thumb/v7e-m+dp/hard\libc_nano.a(lib_a-errno.o)
                              ./Core/Src/syscalls.o (__errno)
c:/st/stm32cubeide_1.10.1/stm32cubeide/plugins/com.st.stm32cube.ide.mcu.externaltools.gnu-tools-for-stm32.10.3-2021.10.win32_1.0.0.202111181127/tools/bin/../lib/gcc/arm-none-eabi/10.3.1/../../../../arm-none-eabi/lib/thumb/v7e-m+dp/hard\libc_nano.a(lib_a-exit.o)
                              c:/st/stm32cubeide_1.10.1/stm32cubeide/plugins/com.st.stm32cube.ide.mcu.externaltools.gnu-tools-for-stm32.10.3-2021.10.win32_1.0.0.202111181127/tools/bin/../lib/gcc/arm-none-eabi/10.3.1/../../../../arm-none-eabi/lib/thumb/v7e-m+dp/hard/crt0.o (exit)
c:/st/stm32cubeide_1.10.1/stm32cubeide/plugins/com.st.stm32cube.ide.mcu.externaltools.gnu-tools-for-stm32.10.3-2021.10.win32_1.0.0.202111181127/tools/bin/../lib/gcc/arm-none-eabi/10.3.1/../../../../arm-none-eabi/lib/thumb/v7e-m+dp/hard\libc_nano.a(lib_a-impure.o)
                              c:/st/stm32cubeide_1.10.1/stm32cubeide/plugins/com.st.stm32cube.ide.mcu.externaltools.gnu-tools-for-stm32.10.3-2021.10.win32_1.0.0.202111181127/tools/bin/../lib/gcc/arm-none-eabi/10.3.1/../../../../arm-none-eabi/lib/thumb/v7e-m+dp/hard\libc_nano.a(lib_a-exit.o) (_global_impure_ptr)
c:/st/stm32cubeide_1.10.1/stm32cubeide/plugins/com.st.stm32cube.ide.mcu.externaltools.gnu-tools-for-stm32.10.3-2021.10.win32_1.0.0.202111181127/tools/bin/../lib/gcc/arm-none-eabi/10.3.1/../../../../arm-none-eabi/lib/thumb/v7e-m+dp/hard\libc_nano.a(lib_a-init.o)
                              c:/st/stm32cubeide_1.10.1/stm32cubeide/plugins/com.st.stm32cube.ide.mcu.externaltools.gnu-tools-for-stm32.10.3-2021.10.win32_1.0.0.202111181127/tools/bin/../lib/gcc/arm-none-eabi/10.3.1/../../../../arm-none-eabi/lib/thumb/v7e-m+dp/hard/crt0.o (__libc_init_array)
c:/st/stm32cubeide_1.10.1/stm32cubeide/plugins/com.st.stm32cube.ide.mcu.externaltools.gnu-tools-for-stm32.10.3-2021.10.win32_1.0.0.202111181127/tools/bin/../lib/gcc/arm-none-eabi/10.3.1/../../../../arm-none-eabi/lib/thumb/v7e-m+dp/hard\libc_nano.a(lib_a-memset.o)
                              c:/st/stm32cubeide_1.10.1/stm32cubeide/plugins/com.st.stm32cube.ide.mcu.externaltools.gnu-tools-for-stm32.10.3-2021.10.win32_1.0.0.202111181127/tools/bin/../lib/gcc/arm-none-eabi/10.3.1/../../../../arm-none-eabi/lib/thumb/v7e-m+dp/hard/crt0.o (memset)

Discarded input sections

 .text          0x0000000000000000        0x0 c:/st/stm32cubeide_1.10.1/stm32cubeide/plugins/com.st.stm32cube.ide.mcu.externaltools.gnu-tools-for-stm32.10.3-2021.10.win32_1.0.0.202111181127/tools/bin/../lib/gcc/arm-none-eabi/10.3.1/thumb/v7e-m+dp/hard/crti.o
 .data          0x0000000000000000        0x0 c:/st/stm32cubeide_1.10.1/stm32cubeide/plugins/com.st.stm32cube.ide.mcu.externaltools.gnu-tools-for-stm32.10.3-2021.10.win32_1.0.0.202111181127/tools/bin/../lib/gcc/arm-none-eabi/10.3.1/thumb/v7e-m+dp/hard/crti.o
 .bss           0x0000000000000000        0x0 c:/st/stm32cubeide_1.10.1/stm32cubeide/plugins/com.st.stm32cube.ide.mcu.externaltools.gnu-tools-for-stm32.10.3-2021.10.win32_1.0.0.202111181127/tools/bin/../lib/gcc/arm-none-eabi/10.3.1/thumb/v7e-m+dp/hard/crti.o
 .data          0x0000000000000000        0x4 c:/st/stm32cubeide_1.10.1/stm32cubeide/plugins/com.st.stm32cube.ide.mcu.externaltools.gnu-tools-for-stm32.10.3-2021.10.win32_1.0.0.202111181127/tools/bin/../lib/gcc/arm-none-eabi/10.3.1/thumb/v7e-m+dp/hard/crtbegin.o
 .rodata        0x0000000000000000       0x24 c:/st/stm32cubeide_1.10.1/stm32cubeide/plugins/com.st.stm32cube.ide.mcu.externaltools.gnu-tools-for-stm32.10.3-2021.10.win32_1.0.0.202111181127/tools/bin/../lib/gcc/arm-none-eabi/10.3.1/thumb/v7e-m+dp/hard/crtbegin.o
 .text          0x0000000000000000       0x7c c:/st/stm32cubeide_1.10.1/stm32cubeide/plugins/com.st.stm32cube.ide.mcu.externaltools.gnu-tools-for-stm32.10.3-2021.10.win32_1.0.0.202111181127/tools/bin/../lib/gcc/arm-none-eabi/10.3.1/../../../../arm-none-eabi/lib/thumb/v7e-m+dp/hard/crt0.o
 .data          0x0000000000000000        0x0 c:/st/stm32cubeide_1.10.1/stm32cubeide/plugins/com.st.stm32cube.ide.mcu.externaltools.gnu-tools-for-stm32.10.3-2021.10.win32_1.0.0.202111181127/tools/bin/../lib/gcc/arm-none-eabi/10.3.1/../../../../arm-none-eabi/lib/thumb/v7e-m+dp/hard/crt0.o
 .bss           0x0000000000000000        0x0 c:/st/stm32cubeide_1.10.1/stm32cubeide/plugins/com.st.stm32cube.ide.mcu.externaltools.gnu-tools-for-stm32.10.3-2021.10.win32_1.0.0.202111181127/tools/bin/../lib/gcc/arm-none-eabi/10.3.1/../../../../arm-none-eabi/lib/thumb/v7e-m+dp/hard/crt0.o
[...]
Memory Configuration

Name             Origin             Length             Attributes
ITCMRAM          0x0000000000000000 0x0000000000010000 xrw
DTCMRAM          0x0000000020000000 0x0000000000020000 xrw
FLASH            0x0000000008000000 0x0000000000100000 xr
RAM_D1           0x0000000024000000 0x0000000000050000 xrw
RAM_D2           0x0000000030000000 0x0000000000008000 xrw
RAM_D3           0x0000000038000000 0x0000000000004000 xrw
*default*        0x0000000000000000 0xffffffffffffffff

Linker script and memory map

LOAD c:/st/stm32cubeide_1.10.1/stm32cubeide/plugins/com.st.stm32cube.ide.mcu.externaltools.gnu-tools-for-stm32.10.3-2021.10.win32_1.0.0.202111181127/tools/bin/../lib/gcc/arm-none-eabi/10.3.1/thumb/v7e-m+dp/hard/crti.o
LOAD c:/st/stm32cubeide_1.10.1/stm32cubeide/plugins/com.st.stm32cube.ide.mcu.externaltools.gnu-tools-for-stm32.10.3-2021.10.win32_1.0.0.202111181127/tools/bin/../lib/gcc/arm-none-eabi/10.3.1/thumb/v7e-m+dp/hard/crtbegin.o
LOAD c:/st/stm32cubeide_1.10.1/stm32cubeide/plugins/com.st.stm32cube.ide.mcu.externaltools.gnu-tools-for-stm32.10.3-2021.10.win32_1.0.0.202111181127/tools/bin/../lib/gcc/arm-none-eabi/10.3.1/../../../../arm-none-eabi/lib/thumb/v7e-m+dp/hard/crt0.o
LOAD ./Core/Src/PID.o
LOAD ./Core/Src/TIM_IT.o
LOAD ./Core/Src/chassis_DCmotor.o
LOAD ./Core/Src/chassis_kinetic_model.o
LOAD ./Core/Src/main.o
LOAD ./Core/Src/mainpp.o
LOAD ./Core/Src/pusher.o
LOAD ./Core/Src/script.o
LOAD ./Core/Src/stm32h7xx_hal_msp.o
LOAD ./Core/Src/stm32h7xx_it.o
LOAD ./Core/Src/syscalls.o
LOAD ./Core/Src/sysmem.o
LOAD ./Core/Src/system_stm32h7xx.o
LOAD ./Core/Startup/startup_stm32h723zgtx.o
LOAD ./Drivers/STM32H7xx_HAL_Driver/Src/stm32h7xx_hal.o
LOAD ./Drivers/STM32H7xx_HAL_Driver/Src/stm32h7xx_hal_cortex.o
LOAD ./Drivers/STM32H7xx_HAL_Driver/Src/stm32h7xx_hal_dma.o
LOAD ./Drivers/STM32H7xx_HAL_Driver/Src/stm32h7xx_hal_dma_ex.o
LOAD ./Drivers/STM32H7xx_HAL_Driver/Src/stm32h7xx_hal_exti.o
LOAD ./Drivers/STM32H7xx_HAL_Driver/Src/stm32h7xx_hal_flash.o
LOAD ./Drivers/STM32H7xx_HAL_Driver/Src/stm32h7xx_hal_flash_ex.o
LOAD ./Drivers/STM32H7xx_HAL_Driver/Src/stm32h7xx_hal_gpio.o
LOAD ./Drivers/STM32H7xx_HAL_Driver/Src/stm32h7xx_hal_hsem.o
LOAD ./Drivers/STM32H7xx_HAL_Driver/Src/stm32h7xx_hal_i2c.o
LOAD ./Drivers/STM32H7xx_HAL_Driver/Src/stm32h7xx_hal_i2c_ex.o
LOAD ./Drivers/STM32H7xx_HAL_Driver/Src/stm32h7xx_hal_mdma.o
LOAD ./Drivers/STM32H7xx_HAL_Driver/Src/stm32h7xx_hal_pwr.o
LOAD ./Drivers/STM32H7xx_HAL_Driver/Src/stm32h7xx_hal_pwr_ex.o
LOAD ./Drivers/STM32H7xx_HAL_Driver/Src/stm32h7xx_hal_rcc.o
LOAD ./Drivers/STM32H7xx_HAL_Driver/Src/stm32h7xx_hal_rcc_ex.o
LOAD ./Drivers/STM32H7xx_HAL_Driver/Src/stm32h7xx_hal_tim.o
LOAD ./Drivers/STM32H7xx_HAL_Driver/Src/stm32h7xx_hal_tim_ex.o
START GROUP
LOAD c:/st/stm32cubeide_1.10.1/stm32cubeide/plugins/com.st.stm32cube.ide.mcu.externaltools.gnu-tools-for-stm32.10.3-2021.10.win32_1.0.0.202111181127/tools/bin/../lib/gcc/arm-none-eabi/10.3.1/../../../../arm-none-eabi/lib/thumb/v7e-m+dp/hard\libstdc++_nano.a
LOAD c:/st/stm32cubeide_1.10.1/stm32cubeide/plugins/com.st.stm32cube.ide.mcu.externaltools.gnu-tools-for-stm32.10.3-2021.10.win32_1.0.0.202111181127/tools/bin/../lib/gcc/arm-none-eabi/10.3.1/../../../../arm-none-eabi/lib/thumb/v7e-m+dp/hard\libsupc++_nano.a
END GROUP
LOAD c:/st/stm32cubeide_1.10.1/stm32cubeide/plugins/com.st.stm32cube.ide.mcu.externaltools.gnu-tools-for-stm32.10.3-2021.10.win32_1.0.0.202111181127/tools/bin/../lib/gcc/arm-none-eabi/10.3.1/../../../../arm-none-eabi/lib/thumb/v7e-m+dp/hard\libstdc++_nano.a
LOAD c:/st/stm32cubeide_1.10.1/stm32cubeide/plugins/com.st.stm32cube.ide.mcu.externaltools.gnu-tools-for-stm32.10.3-2021.10.win32_1.0.0.202111181127/tools/bin/../lib/gcc/arm-none-eabi/10.3.1/../../../../arm-none-eabi/lib/thumb/v7e-m+dp/hard\libm.a
LOAD c:/st/stm32cubeide_1.10.1/stm32cubeide/plugins/com.st.stm32cube.ide.mcu.externaltools.gnu-tools-for-stm32.10.3-2021.10.win32_1.0.0.202111181127/tools/bin/../lib/gcc/arm-none-eabi/10.3.1/../../../../arm-none-eabi/lib/thumb/v7e-m+dp/hard\libc_nano.a
START GROUP
LOAD c:/st/stm32cubeide_1.10.1/stm32cubeide/plugins/com.st.stm32cube.ide.mcu.externaltools.gnu-tools-for-stm32.10.3-2021.10.win32_1.0.0.202111181127/tools/bin/../lib/gcc/arm-none-eabi/10.3.1/thumb/v7e-m+dp/hard\libgcc.a
LOAD c:/st/stm32cubeide_1.10.1/stm32cubeide/plugins/com.st.stm32cube.ide.mcu.externaltools.gnu-tools-for-stm32.10.3-2021.10.win32_1.0.0.202111181127/tools/bin/../lib/gcc/arm-none-eabi/10.3.1/../../../../arm-none-eabi/lib/thumb/v7e-m+dp/hard\libc_nano.a
END GROUP
START GROUP
LOAD c:/st/stm32cubeide_1.10.1/stm32cubeide/plugins/com.st.stm32cube.ide.mcu.externaltools.gnu-tools-for-stm32.10.3-2021.10.win32_1.0.0.202111181127/tools/bin/../lib/gcc/arm-none-eabi/10.3.1/thumb/v7e-m+dp/hard\libgcc.a
LOAD c:/st/stm32cubeide_1.10.1/stm32cubeide/plugins/com.st.stm32cube.ide.mcu.externaltools.gnu-tools-for-stm32.10.3-2021.10.win32_1.0.0.202111181127/tools/bin/../lib/gcc/arm-none-eabi/10.3.1/../../../../arm-none-eabi/lib/thumb/v7e-m+dp/hard\libc_nano.a
LOAD c:/st/stm32cubeide_1.10.1/stm32cubeide/plugins/com.st.stm32cube.ide.mcu.externaltools.gnu-tools-for-stm32.10.3-2021.10.win32_1.0.0.202111181127/tools/bin/../lib/gcc/arm-none-eabi/10.3.1/../../../../arm-none-eabi/lib/thumb/v7e-m+dp/hard\libnosys.a
END GROUP
START GROUP
LOAD c:/st/stm32cubeide_1.10.1/stm32cubeide/plugins/com.st.stm32cube.ide.mcu.externaltools.gnu-tools-for-stm32.10.3-2021.10.win32_1.0.0.202111181127/tools/bin/../lib/gcc/arm-none-eabi/10.3.1/thumb/v7e-m+dp/hard\libgcc.a
LOAD c:/st/stm32cubeide_1.10.1/stm32cubeide/plugins/com.st.stm32cube.ide.mcu.externaltools.gnu-tools-for-stm32.10.3-2021.10.win32_1.0.0.202111181127/tools/bin/../lib/gcc/arm-none-eabi/10.3.1/../../../../arm-none-eabi/lib/thumb/v7e-m+dp/hard\libc_nano.a
LOAD c:/st/stm32cubeide_1.10.1/stm32cubeide/plugins/com.st.stm32cube.ide.mcu.externaltools.gnu-tools-for-stm32.10.3-2021.10.win32_1.0.0.202111181127/tools/bin/../lib/gcc/arm-none-eabi/10.3.1/../../../../arm-none-eabi/lib/thumb/v7e-m+dp/hard\libnosys.a
END GROUP
LOAD c:/st/stm32cubeide_1.10.1/stm32cubeide/plugins/com.st.stm32cube.ide.mcu.externaltools.gnu-tools-for-stm32.10.3-2021.10.win32_1.0.0.202111181127/tools/bin/../lib/gcc/arm-none-eabi/10.3.1/thumb/v7e-m+dp/hard/crtend.o
LOAD c:/st/stm32cubeide_1.10.1/stm32cubeide/plugins/com.st.stm32cube.ide.mcu.externaltools.gnu-tools-for-stm32.10.3-2021.10.win32_1.0.0.202111181127/tools/bin/../lib/gcc/arm-none-eabi/10.3.1/thumb/v7e-m+dp/hard/crtn.o
                0x0000000024050000                _estack = (ORIGIN (RAM_D1) + LENGTH (RAM_D1))
                0x0000000000000200                _Min_Heap_Size = 0x200
                0x0000000000000400                _Min_Stack_Size = 0x400

.isr_vector     0x0000000008000000      0x2cc
                0x0000000008000000                . = ALIGN (0x4)
 *(.isr_vector)
 .isr_vector    0x0000000008000000      0x2cc ./Core/Startup/startup_stm32h723zgtx.o
                0x0000000008000000                g_pfnVectors
                0x00000000080002cc                . = ALIGN (0x4)

.text           0x00000000080002d0     0x4c50
                0x00000000080002d0                . = ALIGN (0x4)
 *(.text)
 .text          0x00000000080002d0       0x40 c:/st/stm32cubeide_1.10.1/stm32cubeide/plugins/com.st.stm32cube.ide.mcu.externaltools.gnu-tools-for-stm32.10.3-2021.10.win32_1.0.0.202111181127/tools/bin/../lib/gcc/arm-none-eabi/10.3.1/thumb/v7e-m+dp/hard/crtbegin.o
 *(.text*)
 .text.pidCtrl  0x0000000008000310      0x348 ./Core/Src/PID.o
                0x0000000008000310                pidCtrl
 .text.HAL_TIM_PeriodElapsedCallback
                0x0000000008000658      0x308 ./Core/Src/TIM_IT.o
                0x0000000008000658                HAL_TIM_PeriodElapsedCallback
 .text._Z13DC_motor_initv
                0x0000000008000960       0x80 ./Core/Src/chassis_DCmotor.o
                0x0000000008000960                DC_motor_init()
 .text._ZN8DC_motorC2Edddddd
                0x00000000080009e0       0xa8 ./Core/Src/chassis_DCmotor.o
                0x00000000080009e0                DC_motor::DC_motor(double, double, double, double, double, double)
                0x00000000080009e0                DC_motor::DC_motor(double, double, double, double, double, double)
 .text._Z41__static_initialization_and_destruction_0ii
                0x0000000008000a88      0x110 ./Core/Src/chassis_DCmotor.o
 .text._GLOBAL__sub_I_FL
                0x0000000008000b98       0x10 ./Core/Src/chassis_DCmotor.o
 .text.main     0x0000000008000ba8       0x32 ./Core/Src/main.o
                0x0000000008000ba8                main
 *fill*         0x0000000008000bda        0x2 
 .text.SystemClock_Config
                0x0000000008000bdc       0xbc ./Core/Src/main.o
                0x0000000008000bdc                SystemClock_Config
 .text.MX_TIM1_Init
                0x0000000008000c98       0xa8 ./Core/Src/main.o
 .text.MX_TIM2_Init
                0x0000000008000d40       0xa8 ./Core/Src/main.o
 .text.MX_TIM3_Init
                0x0000000008000de8       0xac ./Core/Src/main.o
 .text.MX_TIM4_Init
                0x0000000008000e94       0xac ./Core/Src/main.o
 .text.MX_TIM5_Init
                0x0000000008000f40       0xac ./Core/Src/main.o
 .text.MX_TIM12_Init
                0x0000000008000fec       0xa0 ./Core/Src/main.o
 .text.MX_TIM15_Init
                0x000000000800108c      0x124 ./Core/Src/main.o
 .text.MX_GPIO_Init
                0x00000000080011b0      0x204 ./Core/Src/main.o
 .text.Error_Handler
                0x00000000080013b4        0xa ./Core/Src/main.o
                0x00000000080013b4                Error_Handler
 .text._ZN6PUSHERC2Ev
                0x00000000080013be       0x46 ./Core/Src/mainpp.o
                0x00000000080013be                PUSHER::PUSHER()
                0x00000000080013be                PUSHER::PUSHER()
 .text.main_function
                0x0000000008001404       0x82 ./Core/Src/mainpp.o
                0x0000000008001404                main_function
 *fill*         0x0000000008001486        0x2 
 .text.stm_setup
                0x0000000008001488       0x18 ./Core/Src/mainpp.o
                0x0000000008001488                stm_setup
 .text._ZN6PUSHER8distenceEv
                0x00000000080014a0       0x9c ./Core/Src/pusher.o
                0x00000000080014a0                PUSHER::distence()
 *fill*         0x000000000800153c        0x4 
 .text._ZN6PUSHER11pusher_moveEv
                0x0000000008001540      0x39c ./Core/Src/pusher.o
                0x0000000008001540                PUSHER::pusher_move()
 .text._Z41__static_initialization_and_destruction_0ii
                0x00000000080018dc       0x4c ./Core/Src/pusher.o
 .text._GLOBAL__sub_I_pusher_A
                0x0000000008001928       0x10 ./Core/Src/pusher.o
 .text._Z6scriptv
                0x0000000008001938       0xc4 ./Core/Src/script.o
                0x0000000008001938                script()
 .text._Z12script_wheeldddd
                0x00000000080019fc       0x58 ./Core/Src/script.o
                0x00000000080019fc                script_wheel(double, double, double, double)
 .text.HAL_MspInit
                0x0000000008001a54       0x34 ./Core/Src/stm32h7xx_hal_msp.o
                0x0000000008001a54                HAL_MspInit
 .text.HAL_TIM_Base_MspInit
                0x0000000008001a88       0x80 ./Core/Src/stm32h7xx_hal_msp.o
                0x0000000008001a88                HAL_TIM_Base_MspInit
 .text.HAL_TIM_Encoder_MspInit
                0x0000000008001b08      0x21c ./Core/Src/stm32h7xx_hal_msp.o
                0x0000000008001b08                HAL_TIM_Encoder_MspInit
 .text.HAL_TIM_PWM_MspInit
                0x0000000008001d24       0x74 ./Core/Src/stm32h7xx_hal_msp.o
                0x0000000008001d24                HAL_TIM_PWM_MspInit
 .text.HAL_TIM_MspPostInit
                0x0000000008001d98       0xc8 ./Core/Src/stm32h7xx_hal_msp.o
                0x0000000008001d98                HAL_TIM_MspPostInit
 .text.NMI_Handler
                0x0000000008001e60        0x6 ./Core/Src/stm32h7xx_it.o
                0x0000000008001e60                NMI_Handler
 .text.HardFault_Handler
                0x0000000008001e66        0x6 ./Core/Src/stm32h7xx_it.o
                0x0000000008001e66                HardFault_Handler
 .text.MemManage_Handler
                0x0000000008001e6c        0x6 ./Core/Src/stm32h7xx_it.o
                0x0000000008001e6c                MemManage_Handler
 .text.BusFault_Handler
                0x0000000008001e72        0x6 ./Core/Src/stm32h7xx_it.o
                0x0000000008001e72                BusFault_Handler
 .text.UsageFault_Handler
                0x0000000008001e78        0x6 ./Core/Src/stm32h7xx_it.o
                0x0000000008001e78                UsageFault_Handler
 .text.SVC_Handler
                0x0000000008001e7e        0xe ./Core/Src/stm32h7xx_it.o
                0x0000000008001e7e                SVC_Handler
 .text.DebugMon_Handler
                0x0000000008001e8c        0xe ./Core/Src/stm32h7xx_it.o
                0x0000000008001e8c                DebugMon_Handler
 .text.PendSV_Handler
                0x0000000008001e9a        0xe ./Core/Src/stm32h7xx_it.o
                0x0000000008001e9a                PendSV_Handler
 .text.SysTick_Handler
                0x0000000008001ea8        0xc ./Core/Src/stm32h7xx_it.o
                0x0000000008001ea8                SysTick_Handler
 .text.TIM1_BRK_IRQHandler
                0x0000000008001eb4       0x14 ./Core/Src/stm32h7xx_it.o
                0x0000000008001eb4                TIM1_BRK_IRQHandler
 .text.TIM1_UP_IRQHandler
                0x0000000008001ec8       0x14 ./Core/Src/stm32h7xx_it.o
                0x0000000008001ec8                TIM1_UP_IRQHandler
 .text.TIM1_TRG_COM_IRQHandler
                0x0000000008001edc       0x14 ./Core/Src/stm32h7xx_it.o
                0x0000000008001edc                TIM1_TRG_COM_IRQHandler
 .text.TIM1_CC_IRQHandler
                0x0000000008001ef0       0x14 ./Core/Src/stm32h7xx_it.o
                0x0000000008001ef0                TIM1_CC_IRQHandler
 .text.SystemInit
                0x0000000008001f04       0xf0 ./Core/Src/system_stm32h7xx.o
                0x0000000008001f04                SystemInit
 .text.Reset_Handler
                0x0000000008001ff4       0x50 ./Core/Startup/startup_stm32h723zgtx.o
                0x0000000008001ff4                Reset_Handler
 .text.Default_Handler
                0x0000000008002044        0x2 ./Core/Startup/startup_stm32h723zgtx.o
                0x0000000008002044                RTC_Alarm_IRQHandler
                0x0000000008002044                EXTI2_IRQHandler
                0x0000000008002044                TIM8_CC_IRQHandler
                0x0000000008002044                UART8_IRQHandler
                0x0000000008002044                SPI4_IRQHandler
                0x0000000008002044                FDCAN3_IT0_IRQHandler
                0x0000000008002044                BDMA_Channel6_IRQHandler
                0x0000000008002044                DMA2_Stream5_IRQHandler
                0x0000000008002044                DMA1_Stream5_IRQHandler
                0x0000000008002044                CORDIC_IRQHandler
                0x0000000008002044                BDMA_Channel1_IRQHandler
                0x0000000008002044                TAMP_STAMP_IRQHandler
                0x0000000008002044                EXTI3_IRQHandler
                0x0000000008002044                LPTIM4_IRQHandler
                0x0000000008002044                TIM8_TRG_COM_TIM14_IRQHandler
                0x0000000008002044                LPTIM2_IRQHandler
                0x0000000008002044                DFSDM1_FLT1_IRQHandler
                0x0000000008002044                DMAMUX2_OVR_IRQHandler
                0x0000000008002044                TIM8_UP_TIM13_IRQHandler
                0x0000000008002044                I2C3_ER_IRQHandler
                0x0000000008002044                DFSDM1_FLT2_IRQHandler
                0x0000000008002044                I2C5_EV_IRQHandler
                0x0000000008002044                USART10_IRQHandler
                0x0000000008002044                MDMA_IRQHandler
                0x0000000008002044                LPTIM3_IRQHandler
                0x0000000008002044                HSEM1_IRQHandler
                0x0000000008002044                EXTI0_IRQHandler
                0x0000000008002044                I2C2_EV_IRQHandler
                0x0000000008002044                DMA1_Stream2_IRQHandler
                0x0000000008002044                FPU_IRQHandler
                0x0000000008002044                OTG_HS_WKUP_IRQHandler
                0x0000000008002044                FDCAN1_IT1_IRQHandler
                0x0000000008002044                LTDC_ER_IRQHandler
                0x0000000008002044                DMA2_Stream2_IRQHandler
                0x0000000008002044                SPI1_IRQHandler
                0x0000000008002044                OCTOSPI1_IRQHandler
                0x0000000008002044                TIM6_DAC_IRQHandler
                0x0000000008002044                DMA2_Stream3_IRQHandler
                0x0000000008002044                OCTOSPI2_IRQHandler
                0x0000000008002044                DFSDM1_FLT3_IRQHandler
                0x0000000008002044                TIM23_IRQHandler
                0x0000000008002044                USART6_IRQHandler
                0x0000000008002044                TIM17_IRQHandler
                0x0000000008002044                USART3_IRQHandler
                0x0000000008002044                BDMA_Channel7_IRQHandler
                0x0000000008002044                LPTIM5_IRQHandler
                0x0000000008002044                UART5_IRQHandler
                0x0000000008002044                ADC3_IRQHandler
                0x0000000008002044                DMA2_Stream0_IRQHandler
                0x0000000008002044                TIM4_IRQHandler
                0x0000000008002044                BDMA_Channel2_IRQHandler
                0x0000000008002044                I2C1_EV_IRQHandler
                0x0000000008002044                DMA1_Stream6_IRQHandler
                0x0000000008002044                DMAMUX1_OVR_IRQHandler
                0x0000000008002044                DMA1_Stream1_IRQHandler
                0x0000000008002044                TIM16_IRQHandler
                0x0000000008002044                UART4_IRQHandler
                0x0000000008002044                BDMA_Channel5_IRQHandler
                0x0000000008002044                TIM3_IRQHandler
                0x0000000008002044                RCC_IRQHandler
                0x0000000008002044                UART9_IRQHandler
                0x0000000008002044                TIM8_BRK_TIM12_IRQHandler
                0x0000000008002044                Default_Handler
                0x0000000008002044                ECC_IRQHandler
                0x0000000008002044                FMAC_IRQHandler
                0x0000000008002044                CEC_IRQHandler
                0x0000000008002044                EXTI15_10_IRQHandler
                0x0000000008002044                BDMA_Channel0_IRQHandler
                0x0000000008002044                ADC_IRQHandler
                0x0000000008002044                I2C5_ER_IRQHandler
                0x0000000008002044                DMA1_Stream7_IRQHandler
                0x0000000008002044                SPI5_IRQHandler
                0x0000000008002044                TIM7_IRQHandler
                0x0000000008002044                FDCAN3_IT1_IRQHandler
                0x0000000008002044                SDMMC1_IRQHandler
                0x0000000008002044                TIM5_IRQHandler
                0x0000000008002044                DMA2_Stream7_IRQHandler
                0x0000000008002044                TIM15_IRQHandler
                0x0000000008002044                PVD_AVD_IRQHandler
                0x0000000008002044                I2C3_EV_IRQHandler
                0x0000000008002044                EXTI9_5_IRQHandler
                0x0000000008002044                RTC_WKUP_IRQHandler
                0x0000000008002044                LTDC_IRQHandler
                0x0000000008002044                ETH_WKUP_IRQHandler
                0x0000000008002044                SPDIF_RX_IRQHandler
                0x0000000008002044                SPI2_IRQHandler
                0x0000000008002044                OTG_HS_EP1_IN_IRQHandler
                0x0000000008002044                DMA1_Stream0_IRQHandler
                0x0000000008002044                TIM24_IRQHandler
                0x0000000008002044                CRS_IRQHandler
                0x0000000008002044                EXTI4_IRQHandler
                0x0000000008002044                RNG_IRQHandler
                0x0000000008002044                FDCAN2_IT1_IRQHandler
                0x0000000008002044                ETH_IRQHandler
                0x0000000008002044                BDMA_Channel4_IRQHandler
                0x0000000008002044                OTG_HS_EP1_OUT_IRQHandler
                0x0000000008002044                WWDG_IRQHandler
                0x0000000008002044                SPI6_IRQHandler
                0x0000000008002044                MDIOS_IRQHandler
                0x0000000008002044                I2C4_EV_IRQHandler
                0x0000000008002044                FDCAN2_IT0_IRQHandler
                0x0000000008002044                LPUART1_IRQHandler
                0x0000000008002044                FDCAN1_IT0_IRQHandler
                0x0000000008002044                TIM2_IRQHandler
                0x0000000008002044                OTG_HS_IRQHandler
                0x0000000008002044                DMA2D_IRQHandler
                0x0000000008002044                EXTI1_IRQHandler
                0x0000000008002044                SDMMC2_IRQHandler
                0x0000000008002044                BDMA_Channel3_IRQHandler
                0x0000000008002044                DTS_IRQHandler
                0x0000000008002044                UART7_IRQHandler
                0x0000000008002044                MDIOS_WKUP_IRQHandler
                0x0000000008002044                USART2_IRQHandler
                0x0000000008002044                DFSDM1_FLT0_IRQHandler
                0x0000000008002044                SAI4_IRQHandler
                0x0000000008002044                I2C2_ER_IRQHandler
                0x0000000008002044                DMA2_Stream1_IRQHandler
                0x0000000008002044                FLASH_IRQHandler
                0x0000000008002044                DMA2_Stream4_IRQHandler
                0x0000000008002044                USART1_IRQHandler
                0x0000000008002044                SPI3_IRQHandler
                0x0000000008002044                WAKEUP_PIN_IRQHandler
                0x0000000008002044                DMA1_Stream4_IRQHandler
                0x0000000008002044                I2C1_ER_IRQHandler
                0x0000000008002044                FMC_IRQHandler
                0x0000000008002044                FDCAN_CAL_IRQHandler
                0x0000000008002044                SWPMI1_IRQHandler
                0x0000000008002044                COMP1_IRQHandler
                0x0000000008002044                LPTIM1_IRQHandler
                0x0000000008002044                DCMI_PSSI_IRQHandler
                0x0000000008002044                I2C4_ER_IRQHandler
                0x0000000008002044                DMA2_Stream6_IRQHandler
                0x0000000008002044                SAI1_IRQHandler
                0x0000000008002044                DMA1_Stream3_IRQHandler
 *fill*         0x0000000008002046        0x2 
 .text.HAL_Init
                0x0000000008002048       0x78 ./Drivers/STM32H7xx_HAL_Driver/Src/stm32h7xx_hal.o
                0x0000000008002048                HAL_Init
 .text.HAL_InitTick
                0x00000000080020c0       0x6c ./Drivers/STM32H7xx_HAL_Driver/Src/stm32h7xx_hal.o
                0x00000000080020c0                HAL_InitTick
 .text.HAL_IncTick
                0x000000000800212c       0x28 ./Drivers/STM32H7xx_HAL_Driver/Src/stm32h7xx_hal.o
                0x000000000800212c                HAL_IncTick
 .text.HAL_GetTick
                0x0000000008002154       0x18 ./Drivers/STM32H7xx_HAL_Driver/Src/stm32h7xx_hal.o
                0x0000000008002154                HAL_GetTick
 .text.HAL_Delay
                0x000000000800216c       0x48 ./Drivers/STM32H7xx_HAL_Driver/Src/stm32h7xx_hal.o
                0x000000000800216c                HAL_Delay
 .text.__NVIC_SetPriorityGrouping
                0x00000000080021b4       0x48 ./Drivers/STM32H7xx_HAL_Driver/Src/stm32h7xx_hal_cortex.o
 .text.__NVIC_GetPriorityGrouping
                0x00000000080021fc       0x1c ./Drivers/STM32H7xx_HAL_Driver/Src/stm32h7xx_hal_cortex.o
 .text.__NVIC_EnableIRQ
                0x0000000008002218       0x3c ./Drivers/STM32H7xx_HAL_Driver/Src/stm32h7xx_hal_cortex.o
 .text.__NVIC_SetPriority
                0x0000000008002254       0x54 ./Drivers/STM32H7xx_HAL_Driver/Src/stm32h7xx_hal_cortex.o
 .text.NVIC_EncodePriority
                0x00000000080022a8       0x66 ./Drivers/STM32H7xx_HAL_Driver/Src/stm32h7xx_hal_cortex.o
 *fill*         0x000000000800230e        0x2 
 .text.SysTick_Config
                0x0000000008002310       0x44 ./Drivers/STM32H7xx_HAL_Driver/Src/stm32h7xx_hal_cortex.o
 .text.HAL_NVIC_SetPriorityGrouping
                0x0000000008002354       0x16 ./Drivers/STM32H7xx_HAL_Driver/Src/stm32h7xx_hal_cortex.o
                0x0000000008002354                HAL_NVIC_SetPriorityGrouping
 .text.HAL_NVIC_SetPriority
                0x000000000800236a       0x34 ./Drivers/STM32H7xx_HAL_Driver/Src/stm32h7xx_hal_cortex.o
                0x000000000800236a                HAL_NVIC_SetPriority
 .text.HAL_NVIC_EnableIRQ
                0x000000000800239e       0x1c ./Drivers/STM32H7xx_HAL_Driver/Src/stm32h7xx_hal_cortex.o
                0x000000000800239e                HAL_NVIC_EnableIRQ
 .text.HAL_SYSTICK_Config
                0x00000000080023ba       0x18 ./Drivers/STM32H7xx_HAL_Driver/Src/stm32h7xx_hal_cortex.o
                0x00000000080023ba                HAL_SYSTICK_Config
 *fill*         0x00000000080023d2        0x2 
 .text.HAL_GPIO_Init
                0x00000000080023d4      0x350 ./Drivers/STM32H7xx_HAL_Driver/Src/stm32h7xx_hal_gpio.o
                0x00000000080023d4                HAL_GPIO_Init
 .text.HAL_GPIO_WritePin
                0x0000000008002724       0x32 ./Drivers/STM32H7xx_HAL_Driver/Src/stm32h7xx_hal_gpio.o
                0x0000000008002724                HAL_GPIO_WritePin
 *fill*         0x0000000008002756        0x2 
 .text.HAL_PWREx_ConfigSupply
                0x0000000008002758       0x74 ./Drivers/STM32H7xx_HAL_Driver/Src/stm32h7xx_hal_pwr_ex.o
                0x0000000008002758                HAL_PWREx_ConfigSupply
 .text.HAL_RCC_OscConfig
                0x00000000080027cc      0x75c ./Drivers/STM32H7xx_HAL_Driver/Src/stm32h7xx_hal_rcc.o
                0x00000000080027cc                HAL_RCC_OscConfig
 .text.HAL_RCC_ClockConfig
                0x0000000008002f28      0x36c ./Drivers/STM32H7xx_HAL_Driver/Src/stm32h7xx_hal_rcc.o
                0x0000000008002f28                HAL_RCC_ClockConfig
 .text.HAL_RCC_GetSysClockFreq
                0x0000000008003294      0x2f4 ./Drivers/STM32H7xx_HAL_Driver/Src/stm32h7xx_hal_rcc.o
                0x0000000008003294                HAL_RCC_GetSysClockFreq
 .text.HAL_TIM_Base_Init
                0x0000000008003588       0xae ./Drivers/STM32H7xx_HAL_Driver/Src/stm32h7xx_hal_tim.o
                0x0000000008003588                HAL_TIM_Base_Init
 *fill*         0x0000000008003636        0x2 
 .text.HAL_TIM_Base_Start_IT
                0x0000000008003638      0x10c ./Drivers/STM32H7xx_HAL_Driver/Src/stm32h7xx_hal_tim.o
                0x0000000008003638                HAL_TIM_Base_Start_IT
 .text.HAL_TIM_PWM_Init
                0x0000000008003744       0xae ./Drivers/STM32H7xx_HAL_Driver/Src/stm32h7xx_hal_tim.o
                0x0000000008003744                HAL_TIM_PWM_Init
 *fill*         0x00000000080037f2        0x2 
 .text.HAL_TIM_PWM_Start
                0x00000000080037f4      0x238 ./Drivers/STM32H7xx_HAL_Driver/Src/stm32h7xx_hal_tim.o
                0x00000000080037f4                HAL_TIM_PWM_Start
 .text.HAL_TIM_Encoder_Init
                0x0000000008003a2c      0x14c ./Drivers/STM32H7xx_HAL_Driver/Src/stm32h7xx_hal_tim.o
                0x0000000008003a2c                HAL_TIM_Encoder_Init
 .text.HAL_TIM_Encoder_Start_IT
                0x0000000008003b78      0x15c ./Drivers/STM32H7xx_HAL_Driver/Src/stm32h7xx_hal_tim.o
                0x0000000008003b78                HAL_TIM_Encoder_Start_IT
 .text.HAL_TIM_IRQHandler
                0x0000000008003cd4      0x23e ./Drivers/STM32H7xx_HAL_Driver/Src/stm32h7xx_hal_tim.o
                0x0000000008003cd4                HAL_TIM_IRQHandler
 *fill*         0x0000000008003f12        0x2 
 .text.HAL_TIM_PWM_ConfigChannel
                0x0000000008003f14      0x228 ./Drivers/STM32H7xx_HAL_Driver/Src/stm32h7xx_hal_tim.o
                0x0000000008003f14                HAL_TIM_PWM_ConfigChannel
 .text.HAL_TIM_ConfigClockSource
                0x000000000800413c      0x1f0 ./Drivers/STM32H7xx_HAL_Driver/Src/stm32h7xx_hal_tim.o
                0x000000000800413c                HAL_TIM_ConfigClockSource
 .text.HAL_TIM_OC_DelayElapsedCallback
                0x000000000800432c       0x14 ./Drivers/STM32H7xx_HAL_Driver/Src/stm32h7xx_hal_tim.o
                0x000000000800432c                HAL_TIM_OC_DelayElapsedCallback
 .text.HAL_TIM_IC_CaptureCallback
                0x0000000008004340       0x14 ./Drivers/STM32H7xx_HAL_Driver/Src/stm32h7xx_hal_tim.o
                0x0000000008004340                HAL_TIM_IC_CaptureCallback
 .text.HAL_TIM_PWM_PulseFinishedCallback
                0x0000000008004354       0x14 ./Drivers/STM32H7xx_HAL_Driver/Src/stm32h7xx_hal_tim.o
                0x0000000008004354                HAL_TIM_PWM_PulseFinishedCallback
 .text.HAL_TIM_TriggerCallback
                0x0000000008004368       0x14 ./Drivers/STM32H7xx_HAL_Driver/Src/stm32h7xx_hal_tim.o
                0x0000000008004368                HAL_TIM_TriggerCallback
 .text.TIM_Base_SetConfig
                0x000000000800437c      0x14c ./Drivers/STM32H7xx_HAL_Driver/Src/stm32h7xx_hal_tim.o
                0x000000000800437c                TIM_Base_SetConfig
 .text.TIM_OC1_SetConfig
                0x00000000080044c8      0x120 ./Drivers/STM32H7xx_HAL_Driver/Src/stm32h7xx_hal_tim.o
 .text.TIM_OC2_SetConfig
                0x00000000080045e8      0x114 ./Drivers/STM32H7xx_HAL_Driver/Src/stm32h7xx_hal_tim.o
                0x00000000080045e8                TIM_OC2_SetConfig
 .text.TIM_OC3_SetConfig
                0x00000000080046fc      0x110 ./Drivers/STM32H7xx_HAL_Driver/Src/stm32h7xx_hal_tim.o
 .text.TIM_OC4_SetConfig
                0x000000000800480c       0xd4 ./Drivers/STM32H7xx_HAL_Driver/Src/stm32h7xx_hal_tim.o
 .text.TIM_OC5_SetConfig
                0x00000000080048e0       0xc8 ./Drivers/STM32H7xx_HAL_Driver/Src/stm32h7xx_hal_tim.o
 .text.TIM_OC6_SetConfig
                0x00000000080049a8       0xcc ./Drivers/STM32H7xx_HAL_Driver/Src/stm32h7xx_hal_tim.o
 .text.TIM_TI1_ConfigInputStage
                0x0000000008004a74       0x5e ./Drivers/STM32H7xx_HAL_Driver/Src/stm32h7xx_hal_tim.o
 .text.TIM_TI2_ConfigInputStage
                0x0000000008004ad2       0x60 ./Drivers/STM32H7xx_HAL_Driver/Src/stm32h7xx_hal_tim.o
 *fill*         0x0000000008004b32        0x2 
 .text.TIM_ITRx_SetConfig
                0x0000000008004b34       0x3c ./Drivers/STM32H7xx_HAL_Driver/Src/stm32h7xx_hal_tim.o
 .text.TIM_ETR_SetConfig
                0x0000000008004b70       0x40 ./Drivers/STM32H7xx_HAL_Driver/Src/stm32h7xx_hal_tim.o
                0x0000000008004b70                TIM_ETR_SetConfig
 .text.TIM_CCxChannelCmd
                0x0000000008004bb0       0x4a ./Drivers/STM32H7xx_HAL_Driver/Src/stm32h7xx_hal_tim.o
                0x0000000008004bb0                TIM_CCxChannelCmd
 *fill*         0x0000000008004bfa        0x2 
 .text.HAL_TIMEx_MasterConfigSynchronization
                0x0000000008004bfc      0x138 ./Drivers/STM32H7xx_HAL_Driver/Src/stm32h7xx_hal_tim_ex.o
                0x0000000008004bfc                HAL_TIMEx_MasterConfigSynchronization
 .text.HAL_TIMEx_ConfigBreakDeadTime
                0x0000000008004d34      0x140 ./Drivers/STM32H7xx_HAL_Driver/Src/stm32h7xx_hal_tim_ex.o
                0x0000000008004d34                HAL_TIMEx_ConfigBreakDeadTime
 .text.HAL_TIMEx_CommutCallback
                0x0000000008004e74       0x14 ./Drivers/STM32H7xx_HAL_Driver/Src/stm32h7xx_hal_tim_ex.o
                0x0000000008004e74                HAL_TIMEx_CommutCallback
 .text.HAL_TIMEx_BreakCallback
                0x0000000008004e88       0x14 ./Drivers/STM32H7xx_HAL_Driver/Src/stm32h7xx_hal_tim_ex.o
                0x0000000008004e88                HAL_TIMEx_BreakCallback
 .text.HAL_TIMEx_Break2Callback
                0x0000000008004e9c       0x14 ./Drivers/STM32H7xx_HAL_Driver/Src/stm32h7xx_hal_tim_ex.o
                0x0000000008004e9c                HAL_TIMEx_Break2Callback
 .text.__libc_init_array
                0x0000000008004eb0       0x48 c:/st/stm32cubeide_1.10.1/stm32cubeide/plugins/com.st.stm32cube.ide.mcu.externaltools.gnu-tools-for-stm32.10.3-2021.10.win32_1.0.0.202111181127/tools/bin/../lib/gcc/arm-none-eabi/10.3.1/../../../../arm-none-eabi/lib/thumb/v7e-m+dp/hard\libc_nano.a(lib_a-init.o)
                0x0000000008004eb0                __libc_init_array
 .text.memset   0x0000000008004ef8       0x10 c:/st/stm32cubeide_1.10.1/stm32cubeide/plugins/com.st.stm32cube.ide.mcu.externaltools.gnu-tools-for-stm32.10.3-2021.10.win32_1.0.0.202111181127/tools/bin/../lib/gcc/arm-none-eabi/10.3.1/../../../../arm-none-eabi/lib/thumb/v7e-m+dp/hard\libc_nano.a(lib_a-memset.o)
                0x0000000008004ef8                memset
 *(.glue_7)
 .glue_7        0x0000000008004f08        0x0 linker stubs
 *(.glue_7t)
 .glue_7t       0x0000000008004f08        0x0 linker stubs
 *(.eh_frame)
 .eh_frame      0x0000000008004f08        0x0 c:/st/stm32cubeide_1.10.1/stm32cubeide/plugins/com.st.stm32cube.ide.mcu.externaltools.gnu-tools-for-stm32.10.3-2021.10.win32_1.0.0.202111181127/tools/bin/../lib/gcc/arm-none-eabi/10.3.1/thumb/v7e-m+dp/hard/crtbegin.o
 *(.init)
 .init          0x0000000008004f08        0x4 c:/st/stm32cubeide_1.10.1/stm32cubeide/plugins/com.st.stm32cube.ide.mcu.externaltools.gnu-tools-for-stm32.10.3-2021.10.win32_1.0.0.202111181127/tools/bin/../lib/gcc/arm-none-eabi/10.3.1/thumb/v7e-m+dp/hard/crti.o
                0x0000000008004f08                _init
 .init          0x0000000008004f0c        0x8 c:/st/stm32cubeide_1.10.1/stm32cubeide/plugins/com.st.stm32cube.ide.mcu.externaltools.gnu-tools-for-stm32.10.3-2021.10.win32_1.0.0.202111181127/tools/bin/../lib/gcc/arm-none-eabi/10.3.1/thumb/v7e-m+dp/hard/crtn.o
 *(.fini)
 .fini          0x0000000008004f14        0x4 c:/st/stm32cubeide_1.10.1/stm32cubeide/plugins/com.st.stm32cube.ide.mcu.externaltools.gnu-tools-for-stm32.10.3-2021.10.win32_1.0.0.202111181127/tools/bin/../lib/gcc/arm-none-eabi/10.3.1/thumb/v7e-m+dp/hard/crti.o
                0x0000000008004f14                _fini
 .fini          0x0000000008004f18        0x8 c:/st/stm32cubeide_1.10.1/stm32cubeide/plugins/com.st.stm32cube.ide.mcu.externaltools.gnu-tools-for-stm32.10.3-2021.10.win32_1.0.0.202111181127/tools/bin/../lib/gcc/arm-none-eabi/10.3.1/thumb/v7e-m+dp/hard/crtn.o
                0x0000000008004f20                . = ALIGN (0x4)
                0x0000000008004f20                _etext = .

.vfp11_veneer   0x0000000008004f20        0x0
 .vfp11_veneer  0x0000000008004f20        0x0 linker stubs

.v4_bx          0x0000000008004f20        0x0
 .v4_bx         0x0000000008004f20        0x0 linker stubs

.iplt           0x0000000008004f20        0x0
 .iplt          0x0000000008004f20        0x0 c:/st/stm32cubeide_1.10.1/stm32cubeide/plugins/com.st.stm32cube.ide.mcu.externaltools.gnu-tools-for-stm32.10.3-2021.10.win32_1.0.0.202111181127/tools/bin/../lib/gcc/arm-none-eabi/10.3.1/thumb/v7e-m+dp/hard/crtbegin.o

.rodata         0x0000000008004f20       0x10
                0x0000000008004f20                . = ALIGN (0x4)
 *(.rodata)
 *(.rodata*)
 .rodata.D1CorePrescTable
                0x0000000008004f20       0x10 ./Core/Src/system_stm32h7xx.o
                0x0000000008004f20                D1CorePrescTable
                0x0000000008004f30                . = ALIGN (0x4)

.rel.dyn        0x0000000008004f30        0x0
 .rel.iplt      0x0000000008004f30        0x0 c:/st/stm32cubeide_1.10.1/stm32cubeide/plugins/com.st.stm32cube.ide.mcu.externaltools.gnu-tools-for-stm32.10.3-2021.10.win32_1.0.0.202111181127/tools/bin/../lib/gcc/arm-none-eabi/10.3.1/thumb/v7e-m+dp/hard/crtbegin.o

.ARM.extab
 *(.ARM.extab* .gnu.linkonce.armextab.*)

.ARM            0x0000000008004f30        0x0
                0x0000000008004f30                __exidx_start = .
 *(.ARM.exidx*)
                0x0000000008004f30                __exidx_end = .

.preinit_array  0x0000000008004f30        0x0
                0x0000000008004f30                PROVIDE (__preinit_array_start = .)
 *(.preinit_array*)
                0x0000000008004f30                PROVIDE (__preinit_array_end = .)

.init_array     0x0000000008004f30        0xc
                0x0000000008004f30                PROVIDE (__init_array_start = .)
 *(SORT_BY_NAME(.init_array.*))
 *(.init_array*)
 .init_array    0x0000000008004f30        0x4 c:/st/stm32cubeide_1.10.1/stm32cubeide/plugins/com.st.stm32cube.ide.mcu.externaltools.gnu-tools-for-stm32.10.3-2021.10.win32_1.0.0.202111181127/tools/bin/../lib/gcc/arm-none-eabi/10.3.1/thumb/v7e-m+dp/hard/crtbegin.o
 .init_array    0x0000000008004f34        0x4 ./Core/Src/chassis_DCmotor.o
 .init_array    0x0000000008004f38        0x4 ./Core/Src/pusher.o
                0x0000000008004f3c                PROVIDE (__init_array_end = .)

.fini_array     0x0000000008004f3c        0x4
                [!provide]                        PROVIDE (__fini_array_start = .)
 *(SORT_BY_NAME(.fini_array.*))
 *(.fini_array*)
 .fini_array    0x0000000008004f3c        0x4 c:/st/stm32cubeide_1.10.1/stm32cubeide/plugins/com.st.stm32cube.ide.mcu.externaltools.gnu-tools-for-stm32.10.3-2021.10.win32_1.0.0.202111181127/tools/bin/../lib/gcc/arm-none-eabi/10.3.1/thumb/v7e-m+dp/hard/crtbegin.o
                [!provide]                        PROVIDE (__fini_array_end = .)
                0x0000000008004f40                _sidata = LOADADDR (.data)

.data           0x0000000024000000      0x1d8 load address 0x0000000008004f40
                0x0000000024000000                . = ALIGN (0x4)
                0x0000000024000000                _sdata = .
 *(.data)
 *(.data*)
 .data.Kpid     0x0000000024000000      0x1c0 ./Core/Src/PID.o
                0x0000000024000000                Kpid
 .data.coeffab  0x00000000240001c0        0x8 ./Core/Src/TIM_IT.o
                0x00000000240001c0                coeffab
 .data.SystemCoreClock
                0x00000000240001c8        0x4 ./Core/Src/system_stm32h7xx.o
                0x00000000240001c8                SystemCoreClock
 .data.SystemD2Clock
                0x00000000240001cc        0x4 ./Core/Src/system_stm32h7xx.o
                0x00000000240001cc                SystemD2Clock
 .data.uwTickPrio
                0x00000000240001d0        0x4 ./Drivers/STM32H7xx_HAL_Driver/Src/stm32h7xx_hal.o
                0x00000000240001d0                uwTickPrio
 .data.uwTickFreq
                0x00000000240001d4        0x1 ./Drivers/STM32H7xx_HAL_Driver/Src/stm32h7xx_hal.o
                0x00000000240001d4                uwTickFreq
 *(.RamFunc)
 *(.RamFunc*)
                0x00000000240001d8                . = ALIGN (0x4)
 *fill*         0x00000000240001d5        0x3 
                0x00000000240001d8                _edata = .

.igot.plt       0x00000000240001d8        0x0 load address 0x0000000008005118
 .igot.plt      0x00000000240001d8        0x0 c:/st/stm32cubeide_1.10.1/stm32cubeide/plugins/com.st.stm32cube.ide.mcu.externaltools.gnu-tools-for-stm32.10.3-2021.10.win32_1.0.0.202111181127/tools/bin/../lib/gcc/arm-none-eabi/10.3.1/thumb/v7e-m+dp/hard/crtbegin.o
                0x00000000240001d8                . = ALIGN (0x4)

.bss            0x00000000240001d8      0x4b4 load address 0x0000000008005118
                0x00000000240001d8                _sbss = .
                0x00000000240001d8                __bss_start__ = _sbss
 *(.bss)
 .bss           0x00000000240001d8       0x1c c:/st/stm32cubeide_1.10.1/stm32cubeide/plugins/com.st.stm32cube.ide.mcu.externaltools.gnu-tools-for-stm32.10.3-2021.10.win32_1.0.0.202111181127/tools/bin/../lib/gcc/arm-none-eabi/10.3.1/thumb/v7e-m+dp/hard/crtbegin.o
 *(.bss*)
 *fill*         0x00000000240001f4        0x4 
 .bss.Vx        0x00000000240001f8        0x8 ./Core/Src/TIM_IT.o
                0x00000000240001f8                Vx
 .bss.Vy        0x0000000024000200        0x8 ./Core/Src/TIM_IT.o
                0x0000000024000200                Vy
 .bss.W         0x0000000024000208        0x8 ./Core/Src/TIM_IT.o
                0x0000000024000208                W
 .bss.FL        0x0000000024000210       0x78 ./Core/Src/chassis_DCmotor.o
                0x0000000024000210                FL
 .bss.BL        0x0000000024000288       0x78 ./Core/Src/chassis_DCmotor.o
                0x0000000024000288                BL
 .bss.BR        0x0000000024000300       0x78 ./Core/Src/chassis_DCmotor.o
                0x0000000024000300                BR
 .bss.FR        0x0000000024000378       0x78 ./Core/Src/chassis_DCmotor.o
                0x0000000024000378                FR
 .bss.htim1     0x00000000240003f0       0x4c ./Core/Src/main.o
                0x00000000240003f0                htim1
 .bss.htim2     0x000000002400043c       0x4c ./Core/Src/main.o
                0x000000002400043c                htim2
 .bss.htim3     0x0000000024000488       0x4c ./Core/Src/main.o
                0x0000000024000488                htim3
 .bss.htim4     0x00000000240004d4       0x4c ./Core/Src/main.o
                0x00000000240004d4                htim4
 .bss.htim5     0x0000000024000520       0x4c ./Core/Src/main.o
                0x0000000024000520                htim5
 .bss.htim12    0x000000002400056c       0x4c ./Core/Src/main.o
                0x000000002400056c                htim12
 .bss.htim15    0x00000000240005b8       0x4c ./Core/Src/main.o
                0x00000000240005b8                htim15
 .bss.scriptrun
                0x0000000024000604        0x4 ./Core/Src/mainpp.o
                0x0000000024000604                scriptrun
 .bss.pusher_A  0x0000000024000608       0x20 ./Core/Src/pusher.o
                0x0000000024000608                pusher_A
 .bss.pusher_B  0x0000000024000628       0x20 ./Core/Src/pusher.o
                0x0000000024000628                pusher_B
 .bss.pusher_C  0x0000000024000648       0x20 ./Core/Src/pusher.o
                0x0000000024000648                pusher_C
 .bss.pusher_D  0x0000000024000668       0x20 ./Core/Src/pusher.o
                0x0000000024000668                pusher_D
 .bss.uwTick    0x0000000024000688        0x4 ./Drivers/STM32H7xx_HAL_Driver/Src/stm32h7xx_hal.o
                0x0000000024000688                uwTick
 *(COMMON)
                0x000000002400068c                . = ALIGN (0x4)
                0x000000002400068c                _ebss = .
                0x000000002400068c                __bss_end__ = _ebss

._user_heap_stack
                0x000000002400068c      0x604 load address 0x0000000008005118
                0x0000000024000690                . = ALIGN (0x8)
 *fill*         0x000000002400068c        0x4 
                [!provide]                        PROVIDE (end = .)
                0x0000000024000690                PROVIDE (_end = .)
                0x0000000024000890                . = (. + _Min_Heap_Size)
 *fill*         0x0000000024000690      0x200 
                0x0000000024000c90                . = (. + _Min_Stack_Size)
 *fill*         0x0000000024000890      0x400 
                0x0000000024000c90                . = ALIGN (0x8)

/DISCARD/
 libc.a(*)
 libm.a(*)
 libgcc.a(*)

.ARM.attributes
                0x0000000000000000       0x2e
 *(.ARM.attributes)
 .ARM.attributes
                0x0000000000000000       0x1e c:/st/stm32cubeide_1.10.1/stm32cubeide/plugins/com.st.stm32cube.ide.mcu.externaltools.gnu-tools-for-stm32.10.3-2021.10.win32_1.0.0.202111181127/tools/bin/../lib/gcc/arm-none-eabi/10.3.1/thumb/v7e-m+dp/hard/crti.o
 .ARM.attributes
                0x000000000000001e       0x32 c:/st/stm32cubeide_1.10.1/stm32cubeide/plugins/com.st.stm32cube.ide.mcu.externaltools.gnu-tools-for-stm32.10.3-2021.10.win32_1.0.0.202111181127/tools/bin/../lib/gcc/arm-none-eabi/10.3.1/thumb/v7e-m+dp/hard/crtbegin.o
 .ARM.attributes
                0x0000000000000050       0x32 ./Core/Src/PID.o
 .ARM.attributes
                0x0000000000000082       0x32 ./Core/Src/TIM_IT.o
 .ARM.attributes
                0x00000000000000b4       0x32 ./Core/Src/chassis_DCmotor.o
 .ARM.attributes
                0x00000000000000e6       0x32 ./Core/Src/main.o
 .ARM.attributes
                0x0000000000000118       0x32 ./Core/Src/mainpp.o
 .ARM.attributes
                0x000000000000014a       0x32 ./Core/Src/pusher.o
 .ARM.attributes
                0x000000000000017c       0x32 ./Core/Src/script.o
 .ARM.attributes
                0x00000000000001ae       0x32 ./Core/Src/stm32h7xx_hal_msp.o
 .ARM.attributes
                0x00000000000001e0       0x32 ./Core/Src/stm32h7xx_it.o
 .ARM.attributes
                0x0000000000000212       0x32 ./Core/Src/system_stm32h7xx.o
 .ARM.attributes
                0x0000000000000244       0x21 ./Core/Startup/startup_stm32h723zgtx.o
 .ARM.attributes
                0x0000000000000265       0x32 ./Drivers/STM32H7xx_HAL_Driver/Src/stm32h7xx_hal.o
 .ARM.attributes
                0x0000000000000297       0x32 ./Drivers/STM32H7xx_HAL_Driver/Src/stm32h7xx_hal_cortex.o
 .ARM.attributes
                0x00000000000002c9       0x32 ./Drivers/STM32H7xx_HAL_Driver/Src/stm32h7xx_hal_gpio.o
 .ARM.attributes
                0x00000000000002fb       0x32 ./Drivers/STM32H7xx_HAL_Driver/Src/stm32h7xx_hal_pwr_ex.o
 .ARM.attributes
                0x000000000000032d       0x32 ./Drivers/STM32H7xx_HAL_Driver/Src/stm32h7xx_hal_rcc.o
 .ARM.attributes
                0x000000000000035f       0x32 ./Drivers/STM32H7xx_HAL_Driver/Src/stm32h7xx_hal_tim.o
 .ARM.attributes
                0x0000000000000391       0x32 ./Drivers/STM32H7xx_HAL_Driver/Src/stm32h7xx_hal_tim_ex.o
 .ARM.attributes
                0x00000000000003c3       0x32 c:/st/stm32cubeide_1.10.1/stm32cubeide/plugins/com.st.stm32cube.ide.mcu.externaltools.gnu-tools-for-stm32.10.3-2021.10.win32_1.0.0.202111181127/tools/bin/../lib/gcc/arm-none-eabi/10.3.1/../../../../arm-none-eabi/lib/thumb/v7e-m+dp/hard\libc_nano.a(lib_a-init.o)
 .ARM.attributes
                0x00000000000003f5       0x32 c:/st/stm32cubeide_1.10.1/stm32cubeide/plugins/com.st.stm32cube.ide.mcu.externaltools.gnu-tools-for-stm32.10.3-2021.10.win32_1.0.0.202111181127/tools/bin/../lib/gcc/arm-none-eabi/10.3.1/../../../../arm-none-eabi/lib/thumb/v7e-m+dp/hard\libc_nano.a(lib_a-memset.o)
 .ARM.attributes
                0x0000000000000427       0x1e c:/st/stm32cubeide_1.10.1/stm32cubeide/plugins/com.st.stm32cube.ide.mcu.externaltools.gnu-tools-for-stm32.10.3-2021.10.win32_1.0.0.202111181127/tools/bin/../lib/gcc/arm-none-eabi/10.3.1/thumb/v7e-m+dp/hard/crtn.o
OUTPUT(stm_project_test.elf elf32-littlearm)
LOAD linker stubs
LOAD c:/st/stm32cubeide_1.10.1/stm32cubeide/plugins/com.st.stm32cube.ide.mcu.externaltools.gnu-tools-for-stm32.10.3-2021.10.win32_1.0.0.202111181127/tools/bin/../lib/gcc/arm-none-eabi/10.3.1/../../../../arm-none-eabi/lib/thumb/v7e-m+dp/hard\libc.a
LOAD c:/st/stm32cubeide_1.10.1/stm32cubeide/plugins/com.st.stm32cube.ide.mcu.externaltools.gnu-tools-for-stm32.10.3-2021.10.win32_1.0.0.202111181127/tools/bin/../lib/gcc/arm-none-eabi/10.3.1/../../../../arm-none-eabi/lib/thumb/v7e-m+dp/hard\libm.a
LOAD c:/st/stm32cubeide_1.10.1/stm32cubeide/plugins/com.st.stm32cube.ide.mcu.externaltools.gnu-tools-for-stm32.10.3-2021.10.win32_1.0.0.202111181127/tools/bin/../lib/gcc/arm-none-eabi/10.3.1/thumb/v7e-m+dp/hard\libgcc.a

.debug_info     0x0000000000000000    0x18e0d
 .debug_info    0x0000000000000000     0x1917 ./Core/Src/PID.o
 .debug_info    0x0000000000001917     0x2361 ./Core/Src/TIM_IT.o
 .debug_info    0x0000000000003c78     0x2391 ./Core/Src/chassis_DCmotor.o
 .debug_info    0x0000000000006009     0x16ad ./Core/Src/main.o
 .debug_info    0x00000000000076b6     0x21b7 ./Core/Src/mainpp.o
 .debug_info    0x000000000000986d     0x1c0f ./Core/Src/pusher.o
 .debug_info    0x000000000000b47c     0x17db ./Core/Src/script.o
 .debug_info    0x000000000000cc57     0x1375 ./Core/Src/stm32h7xx_hal_msp.o
 .debug_info    0x000000000000dfcc      0x89b ./Core/Src/stm32h7xx_it.o
 .debug_info    0x000000000000e867      0xb45 ./Core/Src/system_stm32h7xx.o
 .debug_info    0x000000000000f3ac       0x22 ./Core/Startup/startup_stm32h723zgtx.o
 .debug_info    0x000000000000f3ce     0x1746 ./Drivers/STM32H7xx_HAL_Driver/Src/stm32h7xx_hal.o
 .debug_info    0x0000000000010b14     0x1161 ./Drivers/STM32H7xx_HAL_Driver/Src/stm32h7xx_hal_cortex.o
 .debug_info    0x0000000000011c75      0xd37 ./Drivers/STM32H7xx_HAL_Driver/Src/stm32h7xx_hal_gpio.o
 .debug_info    0x00000000000129ac      0xe71 ./Drivers/STM32H7xx_HAL_Driver/Src/stm32h7xx_hal_pwr_ex.o
 .debug_info    0x000000000001381d      0xe4a ./Drivers/STM32H7xx_HAL_Driver/Src/stm32h7xx_hal_rcc.o
 .debug_info    0x0000000000014667     0x2dd1 ./Drivers/STM32H7xx_HAL_Driver/Src/stm32h7xx_hal_tim.o
 .debug_info    0x0000000000017438     0x19d5 ./Drivers/STM32H7xx_HAL_Driver/Src/stm32h7xx_hal_tim_ex.o

.debug_abbrev   0x0000000000000000     0x2a6c
 .debug_abbrev  0x0000000000000000      0x1f7 ./Core/Src/PID.o
 .debug_abbrev  0x00000000000001f7      0x303 ./Core/Src/TIM_IT.o
 .debug_abbrev  0x00000000000004fa      0x39b ./Core/Src/chassis_DCmotor.o
 .debug_abbrev  0x0000000000000895      0x2a7 ./Core/Src/main.o
 .debug_abbrev  0x0000000000000b3c      0x361 ./Core/Src/mainpp.o
 .debug_abbrev  0x0000000000000e9d      0x35d ./Core/Src/pusher.o
 .debug_abbrev  0x00000000000011fa      0x1a8 ./Core/Src/script.o
 .debug_abbrev  0x00000000000013a2      0x25b ./Core/Src/stm32h7xx_hal_msp.o
 .debug_abbrev  0x00000000000015fd      0x184 ./Core/Src/stm32h7xx_it.o
 .debug_abbrev  0x0000000000001781      0x136 ./Core/Src/system_stm32h7xx.o
 .debug_abbrev  0x00000000000018b7       0x12 ./Core/Startup/startup_stm32h723zgtx.o
 .debug_abbrev  0x00000000000018c9      0x292 ./Drivers/STM32H7xx_HAL_Driver/Src/stm32h7xx_hal.o
 .debug_abbrev  0x0000000000001b5b      0x329 ./Drivers/STM32H7xx_HAL_Driver/Src/stm32h7xx_hal_cortex.o
 .debug_abbrev  0x0000000000001e84      0x1ec ./Drivers/STM32H7xx_HAL_Driver/Src/stm32h7xx_hal_gpio.o
 .debug_abbrev  0x0000000000002070      0x27e ./Drivers/STM32H7xx_HAL_Driver/Src/stm32h7xx_hal_pwr_ex.o
 .debug_abbrev  0x00000000000022ee      0x2a7 ./Drivers/STM32H7xx_HAL_Driver/Src/stm32h7xx_hal_rcc.o
 .debug_abbrev  0x0000000000002595      0x25d ./Drivers/STM32H7xx_HAL_Driver/Src/stm32h7xx_hal_tim.o
 .debug_abbrev  0x00000000000027f2      0x27a ./Drivers/STM32H7xx_HAL_Driver/Src/stm32h7xx_hal_tim_ex.o

.debug_aranges  0x0000000000000000      0xd50
 .debug_aranges
                0x0000000000000000       0x20 ./Core/Src/PID.o
 .debug_aranges
                0x0000000000000020       0x20 ./Core/Src/TIM_IT.o
 .debug_aranges
                0x0000000000000040       0x48 ./Core/Src/chassis_DCmotor.o
 .debug_aranges
                0x0000000000000088       0x70 ./Core/Src/main.o
 .debug_aranges
                0x00000000000000f8       0x30 ./Core/Src/mainpp.o
 .debug_aranges
                0x0000000000000128       0x50 ./Core/Src/pusher.o
 .debug_aranges
                0x0000000000000178       0x28 ./Core/Src/script.o
 .debug_aranges
                0x00000000000001a0       0x58 ./Core/Src/stm32h7xx_hal_msp.o
 .debug_aranges
                0x00000000000001f8       0x80 ./Core/Src/stm32h7xx_it.o
 .debug_aranges
                0x0000000000000278       0x28 ./Core/Src/system_stm32h7xx.o
 .debug_aranges
                0x00000000000002a0       0x28 ./Core/Startup/startup_stm32h723zgtx.o
 .debug_aranges
                0x00000000000002c8      0x1c8 ./Drivers/STM32H7xx_HAL_Driver/Src/stm32h7xx_hal.o
 .debug_aranges
                0x0000000000000490      0x120 ./Drivers/STM32H7xx_HAL_Driver/Src/stm32h7xx_hal_cortex.o
 .debug_aranges
                0x00000000000005b0       0x58 ./Drivers/STM32H7xx_HAL_Driver/Src/stm32h7xx_hal_gpio.o
 .debug_aranges
                0x0000000000000608      0x148 ./Drivers/STM32H7xx_HAL_Driver/Src/stm32h7xx_hal_pwr_ex.o
 .debug_aranges
                0x0000000000000750       0x88 ./Drivers/STM32H7xx_HAL_Driver/Src/stm32h7xx_hal_rcc.o
 .debug_aranges
                0x00000000000007d8      0x3e0 ./Drivers/STM32H7xx_HAL_Driver/Src/stm32h7xx_hal_tim.o
 .debug_aranges
                0x0000000000000bb8      0x198 ./Drivers/STM32H7xx_HAL_Driver/Src/stm32h7xx_hal_tim_ex.o

.debug_ranges   0x0000000000000000      0xc38
 .debug_ranges  0x0000000000000000       0x10 ./Core/Src/PID.o
 .debug_ranges  0x0000000000000010       0x10 ./Core/Src/TIM_IT.o
 .debug_ranges  0x0000000000000020       0x38 ./Core/Src/chassis_DCmotor.o
 .debug_ranges  0x0000000000000058       0x60 ./Core/Src/main.o
 .debug_ranges  0x00000000000000b8       0x20 ./Core/Src/mainpp.o
 .debug_ranges  0x00000000000000d8       0x40 ./Core/Src/pusher.o
 .debug_ranges  0x0000000000000118       0x18 ./Core/Src/script.o
 .debug_ranges  0x0000000000000130       0x48 ./Core/Src/stm32h7xx_hal_msp.o
 .debug_ranges  0x0000000000000178       0x70 ./Core/Src/stm32h7xx_it.o
 .debug_ranges  0x00000000000001e8       0x18 ./Core/Src/system_stm32h7xx.o
 .debug_ranges  0x0000000000000200       0x20 ./Core/Startup/startup_stm32h723zgtx.o
 .debug_ranges  0x0000000000000220      0x1b8 ./Drivers/STM32H7xx_HAL_Driver/Src/stm32h7xx_hal.o
 .debug_ranges  0x00000000000003d8      0x110 ./Drivers/STM32H7xx_HAL_Driver/Src/stm32h7xx_hal_cortex.o
 .debug_ranges  0x00000000000004e8       0x48 ./Drivers/STM32H7xx_HAL_Driver/Src/stm32h7xx_hal_gpio.o
 .debug_ranges  0x0000000000000530      0x138 ./Drivers/STM32H7xx_HAL_Driver/Src/stm32h7xx_hal_pwr_ex.o
 .debug_ranges  0x0000000000000668       0x78 ./Drivers/STM32H7xx_HAL_Driver/Src/stm32h7xx_hal_rcc.o
 .debug_ranges  0x00000000000006e0      0x3d0 ./Drivers/STM32H7xx_HAL_Driver/Src/stm32h7xx_hal_tim.o
 .debug_ranges  0x0000000000000ab0      0x188 ./Drivers/STM32H7xx_HAL_Driver/Src/stm32h7xx_hal_tim_ex.o

.debug_macro    0x0000000000000000    0x3554f
 .debug_macro   0x0000000000000000      0x1c8 ./Core/Src/PID.o
 .debug_macro   0x00000000000001c8      0xb68 ./Core/Src/PID.o
 .debug_macro   0x0000000000000d30      0x18a ./Core/Src/PID.o
 .debug_macro   0x0000000000000eba       0x10 ./Core/Src/PID.o
 .debug_macro   0x0000000000000eca      0x3d1 ./Core/Src/PID.o
 .debug_macro   0x000000000000129b       0x18 ./Core/Src/PID.o
 .debug_macro   0x00000000000012b3       0x22 ./Core/Src/PID.o
 .debug_macro   0x00000000000012d5       0x4c ./Core/Src/PID.o
 .debug_macro   0x0000000000001321       0x1d ./Core/Src/PID.o
 .debug_macro   0x000000000000133e       0x94 ./Core/Src/PID.o
 .debug_macro   0x00000000000013d2       0x3c ./Core/Src/PID.o
 .debug_macro   0x000000000000140e       0x34 ./Core/Src/PID.o
 .debug_macro   0x0000000000001442      0x17b ./Core/Src/PID.o
 .debug_macro   0x00000000000015bd       0x16 ./Core/Src/PID.o
 .debug_macro   0x00000000000015d3       0x43 ./Core/Src/PID.o
 .debug_macro   0x0000000000001616       0x57 ./Core/Src/PID.o
 .debug_macro   0x000000000000166d       0x34 ./Core/Src/PID.o
 .debug_macro   0x00000000000016a1       0x10 ./Core/Src/PID.o
 .debug_macro   0x00000000000016b1       0x58 ./Core/Src/PID.o
 .debug_macro   0x0000000000001709       0x71 ./Core/Src/PID.o
 .debug_macro   0x000000000000177a       0x16 ./Core/Src/PID.o
 .debug_macro   0x0000000000001790      0x12a ./Core/Src/PID.o
 .debug_macro   0x00000000000018ba      0x364 ./Core/Src/PID.o
 .debug_macro   0x0000000000001c1e      0x194 ./Core/Src/PID.o
 .debug_macro   0x0000000000001db2       0x10 ./Core/Src/PID.o
 .debug_macro   0x0000000000001dc2       0x16 ./Core/Src/PID.o
 .debug_macro   0x0000000000001dd8       0x35 ./Core/Src/PID.o
 .debug_macro   0x0000000000001e0d       0x16 ./Core/Src/PID.o
 .debug_macro   0x0000000000001e23       0x29 ./Core/Src/PID.o
 .debug_macro   0x0000000000001e4c       0x10 ./Core/Src/PID.o
 .debug_macro   0x0000000000001e5c      0x3c7 ./Core/Src/PID.o
 .debug_macro   0x0000000000002223       0x1c ./Core/Src/PID.o
 .debug_macro   0x000000000000223f      0x103 ./Core/Src/PID.o
 .debug_macro   0x0000000000002342       0x6a ./Core/Src/PID.o
 .debug_macro   0x00000000000023ac      0x1df ./Core/Src/PID.o
 .debug_macro   0x000000000000258b       0x34 ./Core/Src/PID.o
 .debug_macro   0x00000000000025bf      0x373 ./Core/Src/TIM_IT.o
 .debug_macro   0x0000000000002932      0x232 ./Core/Src/TIM_IT.o
 .debug_macro   0x0000000000002b64       0x2e ./Core/Src/TIM_IT.o
 .debug_macro   0x0000000000002b92       0x3b ./Core/Src/TIM_IT.o
 .debug_macro   0x0000000000002bcd       0x8e ./Core/Src/TIM_IT.o
 .debug_macro   0x0000000000002c5b       0x51 ./Core/Src/TIM_IT.o
 .debug_macro   0x0000000000002cac       0x1c ./Core/Src/TIM_IT.o
 .debug_macro   0x0000000000002cc8       0x22 ./Core/Src/TIM_IT.o
 .debug_macro   0x0000000000002cea       0xfb ./Core/Src/TIM_IT.o
 .debug_macro   0x0000000000002de5     0x1305 ./Core/Src/TIM_IT.o
 .debug_macro   0x00000000000040ea      0x11f ./Core/Src/TIM_IT.o
 .debug_macro   0x0000000000004209       0x27 ./Core/Src/TIM_IT.o
 .debug_macro   0x0000000000004230    0x211d1 ./Core/Src/TIM_IT.o
 .debug_macro   0x0000000000025401       0x6d ./Core/Src/TIM_IT.o
 .debug_macro   0x000000000002546e     0x3d0d ./Core/Src/TIM_IT.o
 .debug_macro   0x000000000002917b       0x52 ./Core/Src/TIM_IT.o
 .debug_macro   0x00000000000291cd       0x5d ./Core/Src/TIM_IT.o
 .debug_macro   0x000000000002922a     0x2462 ./Core/Src/TIM_IT.o
 .debug_macro   0x000000000002b68c     0x104f ./Core/Src/TIM_IT.o
 .debug_macro   0x000000000002c6db      0x14d ./Core/Src/TIM_IT.o
 .debug_macro   0x000000000002c828      0x114 ./Core/Src/TIM_IT.o
 .debug_macro   0x000000000002c93c      0x3f8 ./Core/Src/TIM_IT.o
 .debug_macro   0x000000000002cd34       0xac ./Core/Src/TIM_IT.o
 .debug_macro   0x000000000002cde0      0x788 ./Core/Src/TIM_IT.o
 .debug_macro   0x000000000002d568      0x228 ./Core/Src/TIM_IT.o
 .debug_macro   0x000000000002d790       0x66 ./Core/Src/TIM_IT.o
 .debug_macro   0x000000000002d7f6      0x3a6 ./Core/Src/TIM_IT.o
 .debug_macro   0x000000000002db9c      0x3f9 ./Core/Src/TIM_IT.o
 .debug_macro   0x000000000002df95      0x275 ./Core/Src/TIM_IT.o
 .debug_macro   0x000000000002e20a      0x3ca ./Core/Src/TIM_IT.o
 .debug_macro   0x000000000002e5d4      0x45c ./Core/Src/TIM_IT.o
 .debug_macro   0x000000000002ea30       0x3c ./Core/Src/TIM_IT.o
 .debug_macro   0x000000000002ea6c       0x4a ./Core/Src/TIM_IT.o
 .debug_macro   0x000000000002eab6      0x22c ./Core/Src/TIM_IT.o
 .debug_macro   0x000000000002ece2       0x67 ./Core/Src/TIM_IT.o
 .debug_macro   0x000000000002ed49       0xa5 ./Core/Src/TIM_IT.o
 .debug_macro   0x000000000002edee      0x1c4 ./Core/Src/TIM_IT.o
 .debug_macro   0x000000000002efb2      0x22a ./Core/Src/TIM_IT.o
 .debug_macro   0x000000000002f1dc       0x35 ./Core/Src/TIM_IT.o
 .debug_macro   0x000000000002f211      0xb16 ./Core/Src/TIM_IT.o
 .debug_macro   0x000000000002fd27      0x29f ./Core/Src/TIM_IT.o
 .debug_macro   0x000000000002ffc6      0x5e6 ./Core/Src/TIM_IT.o
 .debug_macro   0x00000000000305ac       0x64 ./Core/Src/TIM_IT.o
 .debug_macro   0x0000000000030610       0x10 ./Core/Src/TIM_IT.o
 .debug_macro   0x0000000000030620      0x346 ./Core/Src/chassis_DCmotor.o
 .debug_macro   0x0000000000030966      0x2a8 ./Core/Src/main.o
 .debug_macro   0x0000000000030c0e      0xa90 ./Core/Src/main.o
 .debug_macro   0x000000000003169e     0x1305 ./Core/Src/main.o
 .debug_macro   0x00000000000329a3      0x174 ./Core/Src/main.o
 .debug_macro   0x0000000000032b17       0x34 ./Core/Src/main.o
 .debug_macro   0x0000000000032b4b       0x43 ./Core/Src/main.o
 .debug_macro   0x0000000000032b8e       0x1c ./Core/Src/main.o
 .debug_macro   0x0000000000032baa      0x341 ./Core/Src/main.o
 .debug_macro   0x0000000000032eeb      0x19b ./Core/Src/main.o
 .debug_macro   0x0000000000033086      0x35c ./Core/Src/mainpp.o
 .debug_macro   0x00000000000333e2       0x6a ./Core/Src/mainpp.o
 .debug_macro   0x000000000003344c      0x33f ./Core/Src/pusher.o
 .debug_macro   0x000000000003378b      0x349 ./Core/Src/script.o
 .debug_macro   0x0000000000033ad4      0x29e ./Core/Src/stm32h7xx_hal_msp.o
 .debug_macro   0x0000000000033d72      0x2a8 ./Core/Src/stm32h7xx_it.o
 .debug_macro   0x000000000003401a      0x294 ./Core/Src/system_stm32h7xx.o
 .debug_macro   0x00000000000342ae      0x2be ./Drivers/STM32H7xx_HAL_Driver/Src/stm32h7xx_hal.o
 .debug_macro   0x000000000003456c      0x294 ./Drivers/STM32H7xx_HAL_Driver/Src/stm32h7xx_hal_cortex.o
 .debug_macro   0x0000000000034800      0x29b ./Drivers/STM32H7xx_HAL_Driver/Src/stm32h7xx_hal_gpio.o
 .debug_macro   0x0000000000034a9b      0x2cd ./Drivers/STM32H7xx_HAL_Driver/Src/stm32h7xx_hal_pwr_ex.o
 .debug_macro   0x0000000000034d68      0x2b8 ./Drivers/STM32H7xx_HAL_Driver/Src/stm32h7xx_hal_rcc.o
 .debug_macro   0x0000000000035020      0x295 ./Drivers/STM32H7xx_HAL_Driver/Src/stm32h7xx_hal_tim.o
 .debug_macro   0x00000000000352b5      0x29a ./Drivers/STM32H7xx_HAL_Driver/Src/stm32h7xx_hal_tim_ex.o

.debug_line     0x0000000000000000    0x11b6c
 .debug_line    0x0000000000000000      0x969 ./Core/Src/PID.o
 .debug_line    0x0000000000000969      0xd22 ./Core/Src/TIM_IT.o
 .debug_line    0x000000000000168b      0xd8d ./Core/Src/chassis_DCmotor.o
 .debug_line    0x0000000000002418      0xbba ./Core/Src/main.o
 .debug_line    0x0000000000002fd2      0xc9c ./Core/Src/mainpp.o
 .debug_line    0x0000000000003c6e      0xdf2 ./Core/Src/pusher.o
 .debug_line    0x0000000000004a60      0xc31 ./Core/Src/script.o
 .debug_line    0x0000000000005691      0x9fa ./Core/Src/stm32h7xx_hal_msp.o
 .debug_line    0x000000000000608b      0x93b ./Core/Src/stm32h7xx_it.o
 .debug_line    0x00000000000069c6      0x9bd ./Core/Src/system_stm32h7xx.o
 .debug_line    0x0000000000007383       0x88 ./Core/Startup/startup_stm32h723zgtx.o
 .debug_line    0x000000000000740b      0xe57 ./Drivers/STM32H7xx_HAL_Driver/Src/stm32h7xx_hal.o
 .debug_line    0x0000000000008262      0xdcc ./Drivers/STM32H7xx_HAL_Driver/Src/stm32h7xx_hal_cortex.o
 .debug_line    0x000000000000902e      0xc75 ./Drivers/STM32H7xx_HAL_Driver/Src/stm32h7xx_hal_gpio.o
 .debug_line    0x0000000000009ca3      0xe3b ./Drivers/STM32H7xx_HAL_Driver/Src/stm32h7xx_hal_pwr_ex.o
 .debug_line    0x000000000000aade     0x129b ./Drivers/STM32H7xx_HAL_Driver/Src/stm32h7xx_hal_rcc.o
 .debug_line    0x000000000000bd79     0x3f1f ./Drivers/STM32H7xx_HAL_Driver/Src/stm32h7xx_hal_tim.o
 .debug_line    0x000000000000fc98     0x1ed4 ./Drivers/STM32H7xx_HAL_Driver/Src/stm32h7xx_hal_tim_ex.o

.debug_str      0x0000000000000000   0x145fe0
 .debug_str     0x0000000000000000     0x9d8e ./Core/Src/PID.o
                                       0xa08c (size before relaxing)
 .debug_str     0x0000000000009d8e   0x137dfe ./Core/Src/TIM_IT.o
                                     0x14232f (size before relaxing)
 .debug_str     0x0000000000141b8c      0x205 ./Core/Src/chassis_DCmotor.o
                                     0x14221e (size before relaxing)
 .debug_str     0x0000000000141d91      0xb43 ./Core/Src/main.o
                                     0x13fc6b (size before relaxing)
 .debug_str     0x00000000001428d4      0x308 ./Core/Src/mainpp.o
                                     0x142375 (size before relaxing)
 .debug_str     0x0000000000142bdc       0x81 ./Core/Src/pusher.o
                                     0x141c2b (size before relaxing)
 .debug_str     0x0000000000142c5d       0x43 ./Core/Src/script.o
                                     0x141904 (size before relaxing)
 .debug_str     0x0000000000142ca0      0x884 ./Core/Src/stm32h7xx_hal_msp.o
                                     0x13fedc (size before relaxing)
 .debug_str     0x0000000000143524       0xef ./Core/Src/stm32h7xx_it.o
                                     0x13f433 (size before relaxing)
 .debug_str     0x0000000000143613      0x2a6 ./Core/Src/system_stm32h7xx.o
                                     0x13f1b8 (size before relaxing)
 .debug_str     0x00000000001438b9       0x36 ./Core/Startup/startup_stm32h723zgtx.o
                                         0x7a (size before relaxing)
 .debug_str     0x00000000001438ef      0x94a ./Drivers/STM32H7xx_HAL_Driver/Src/stm32h7xx_hal.o
                                     0x140242 (size before relaxing)
 .debug_str     0x0000000000144239      0x32f ./Drivers/STM32H7xx_HAL_Driver/Src/stm32h7xx_hal_cortex.o
                                     0x13fb24 (size before relaxing)
 .debug_str     0x0000000000144568       0xf1 ./Drivers/STM32H7xx_HAL_Driver/Src/stm32h7xx_hal_gpio.o
                                     0x13f203 (size before relaxing)
 .debug_str     0x0000000000144659      0x5ee ./Drivers/STM32H7xx_HAL_Driver/Src/stm32h7xx_hal_pwr_ex.o
                                     0x13f60b (size before relaxing)
 .debug_str     0x0000000000144c47      0x22e ./Drivers/STM32H7xx_HAL_Driver/Src/stm32h7xx_hal_rcc.o
                                     0x13f586 (size before relaxing)
 .debug_str     0x0000000000144e75      0xc5f ./Drivers/STM32H7xx_HAL_Driver/Src/stm32h7xx_hal_tim.o
                                     0x140374 (size before relaxing)
 .debug_str     0x0000000000145ad4      0x50c ./Drivers/STM32H7xx_HAL_Driver/Src/stm32h7xx_hal_tim_ex.o
                                     0x13fd31 (size before relaxing)

.comment        0x0000000000000000       0x50
 .comment       0x0000000000000000       0x50 ./Core/Src/PID.o
                                         0x51 (size before relaxing)
 .comment       0x0000000000000050       0x51 ./Core/Src/TIM_IT.o
 .comment       0x0000000000000050       0x51 ./Core/Src/chassis_DCmotor.o
 .comment       0x0000000000000050       0x51 ./Core/Src/main.o
 .comment       0x0000000000000050       0x51 ./Core/Src/mainpp.o
 .comment       0x0000000000000050       0x51 ./Core/Src/pusher.o
 .comment       0x0000000000000050       0x51 ./Core/Src/script.o
 .comment       0x0000000000000050       0x51 ./Core/Src/stm32h7xx_hal_msp.o
 .comment       0x0000000000000050       0x51 ./Core/Src/stm32h7xx_it.o
 .comment       0x0000000000000050       0x51 ./Core/Src/system_stm32h7xx.o
 .comment       0x0000000000000050       0x51 ./Drivers/STM32H7xx_HAL_Driver/Src/stm32h7xx_hal.o
 .comment       0x0000000000000050       0x51 ./Drivers/STM32H7xx_HAL_Driver/Src/stm32h7xx_hal_cortex.o
 .comment       0x0000000000000050       0x51 ./Drivers/STM32H7xx_HAL_Driver/Src/stm32h7xx_hal_gpio.o
 .comment       0x0000000000000050       0x51 ./Drivers/STM32H7xx_HAL_Driver/Src/stm32h7xx_hal_pwr_ex.o
 .comment       0x0000000000000050       0x51 ./Drivers/STM32H7xx_HAL_Driver/Src/stm32h7xx_hal_rcc.o
 .comment       0x0000000000000050       0x51 ./Drivers/STM32H7xx_HAL_Driver/Src/stm32h7xx_hal_tim.o
 .comment       0x0000000000000050       0x51 ./Drivers/STM32H7xx_HAL_Driver/Src/stm32h7xx_hal_tim_ex.o

.debug_frame    0x0000000000000000     0x35e4
 .debug_frame   0x0000000000000000       0x3c ./Core/Src/PID.o
 .debug_frame   0x000000000000003c       0x38 ./Core/Src/TIM_IT.o
 .debug_frame   0x0000000000000074       0xe4 ./Core/Src/chassis_DCmotor.o
 .debug_frame   0x0000000000000158      0x188 ./Core/Src/main.o
 .debug_frame   0x00000000000002e0       0x74 ./Core/Src/mainpp.o
 .debug_frame   0x0000000000000354      0x10c ./Core/Src/pusher.o
 .debug_frame   0x0000000000000460       0x50 ./Core/Src/script.o
 .debug_frame   0x00000000000004b0      0x13c ./Core/Src/stm32h7xx_hal_msp.o
 .debug_frame   0x00000000000005ec      0x174 ./Core/Src/stm32h7xx_it.o
 .debug_frame   0x0000000000000760       0x58 ./Core/Src/system_stm32h7xx.o
 .debug_frame   0x00000000000007b8      0x760 ./Drivers/STM32H7xx_HAL_Driver/Src/stm32h7xx_hal.o
 .debug_frame   0x0000000000000f18      0x4b8 ./Drivers/STM32H7xx_HAL_Driver/Src/stm32h7xx_hal_cortex.o
 .debug_frame   0x00000000000013d0      0x14c ./Drivers/STM32H7xx_HAL_Driver/Src/stm32h7xx_hal_gpio.o
 .debug_frame   0x000000000000151c      0x540 ./Drivers/STM32H7xx_HAL_Driver/Src/stm32h7xx_hal_pwr_ex.o
 .debug_frame   0x0000000000001a5c      0x1fc ./Drivers/STM32H7xx_HAL_Driver/Src/stm32h7xx_hal_rcc.o
 .debug_frame   0x0000000000001c58     0x121c ./Drivers/STM32H7xx_HAL_Driver/Src/stm32h7xx_hal_tim.o
 .debug_frame   0x0000000000002e74      0x724 ./Drivers/STM32H7xx_HAL_Driver/Src/stm32h7xx_hal_tim_ex.o
 .debug_frame   0x0000000000003598       0x2c c:/st/stm32cubeide_1.10.1/stm32cubeide/plugins/com.st.stm32cube.ide.mcu.externaltools.gnu-tools-for-stm32.10.3-2021.10.win32_1.0.0.202111181127/tools/bin/../lib/gcc/arm-none-eabi/10.3.1/../../../../arm-none-eabi/lib/thumb/v7e-m+dp/hard\libc_nano.a(lib_a-init.o)
 .debug_frame   0x00000000000035c4       0x20 c:/st/stm32cubeide_1.10.1/stm32cubeide/plugins/com.st.stm32cube.ide.mcu.externaltools.gnu-tools-for-stm32.10.3-2021.10.win32_1.0.0.202111181127/tools/bin/../lib/gcc/arm-none-eabi/10.3.1/../../../../arm-none-eabi/lib/thumb/v7e-m+dp/hard\libc_nano.a(lib_a-memset.o)
