Archive member included to satisfy reference by file (symbol)

c:/st/stm32cubeide_1.10.1/stm32cubeide/plugins/com.st.stm32cube.ide.mcu.externaltools.gnu-tools-for-stm32.10.3-2021.10.win32_1.0.0.202111181127/tools/bin/../lib/gcc/arm-none-eabi/10.3.1/../../../../arm-none-eabi/lib/thumb/v7e-m+dp/hard\libc_nano.a(lib_a-errno.o)
                              ./Core/Src/syscalls.o (__errno)
c:/st/stm32cubeide_1.10.1/stm32cubeide/plugins/com.st.stm32cube.ide.mcu.externaltools.gnu-tools-for-stm32.10.3-2021.10.win32_1.0.0.202111181127/tools/bin/../lib/gcc/arm-none-eabi/10.3.1/../../../../arm-none-eabi/lib/thumb/v7e-m+dp/hard\libc_nano.a(lib_a-exit.o)
                              c:/st/stm32cubeide_1.10.1/stm32cubeide/plugins/com.st.stm32cube.ide.mcu.externaltools.gnu-tools-for-stm32.10.3-2021.10.win32_1.0.0.202111181127/tools/bin/../lib/gcc/arm-none-eabi/10.3.1/../../../../arm-none-eabi/lib/thumb/v7e-m+dp/hard/crt0.o (exit)
c:/st/stm32cubeide_1.10.1/stm32cubeide/plugins/com.st.stm32cube.ide.mcu.externaltools.gnu-tools-for-stm32.10.3-2021.10.win32_1.0.0.202111181127/tools/bin/../lib/gcc/arm-none-eabi/10.3.1/../../../../arm-none-eabi/lib/thumb/v7e-m+dp/hard\libc_nano.a(lib_a-impure.o)
                              c:/st/stm32cubeide_1.10.1/stm32cubeide/plugins/com.st.stm32cube.ide.mcu.externaltools.gnu-tools-for-stm32.10.3-2021.10.win32_1.0.0.202111181127/tools/bin/../lib/gcc/arm-none-eabi/10.3.1/../../../../arm-none-eabi/lib/thumb/v7e-m+dp/hard\libc_nano.a(lib_a-exit.o) (_global_impure_ptr)
c:/st/stm32cubeide_1.10.1/stm32cubeide/plugins/com.st.stm32cube.ide.mcu.externaltools.gnu-tools-for-stm32.10.3-2021.10.win32_1.0.0.202111181127/tools/bin/../lib/gcc/arm-none-eabi/10.3.1/../../../../arm-none-eabi/lib/thumb/v7e-m+dp/hard\libc_nano.a(lib_a-init.o)
                              c:/st/stm32cubeide_1.10.1/stm32cubeide/plugins/com.st.stm32cube.ide.mcu.externaltools.gnu-tools-for-stm32.10.3-2021.10.win32_1.0.0.202111181127/tools/bin/../lib/gcc/arm-none-eabi/10.3.1/../../../../arm-none-eabi/lib/thumb/v7e-m+dp/hard/crt0.o (__libc_init_array)
c:/st/stm32cubeide_1.10.1/stm32cubeide/plugins/com.st.stm32cube.ide.mcu.externaltools.gnu-tools-for-stm32.10.3-2021.10.win32_1.0.0.202111181127/tools/bin/../lib/gcc/arm-none-eabi/10.3.1/../../../../arm-none-eabi/lib/thumb/v7e-m+dp/hard\libc_nano.a(lib_a-memset.o)
                              c:/st/stm32cubeide_1.10.1/stm32cubeide/plugins/com.st.stm32cube.ide.mcu.externaltools.gnu-tools-for-stm32.10.3-2021.10.win32_1.0.0.202111181127/tools/bin/../lib/gcc/arm-none-eabi/10.3.1/../../../../arm-none-eabi/lib/thumb/v7e-m+dp/hard/crt0.o (memset)

Discarded input sections

 .text          0x0000000000000000        0x0 c:/st/stm32cubeide_1.10.1/stm32cubeide/plugins/com.st.stm32cube.ide.mcu.externaltools.gnu-tools-for-stm32.10.3-2021.10.win32_1.0.0.202111181127/tools/bin/../lib/gcc/arm-none-eabi/10.3.1/thumb/v7e-m+dp/hard/crti.o
 .data          0x0000000000000000        0x0 c:/st/stm32cubeide_1.10.1/stm32cubeide/plugins/com.st.stm32cube.ide.mcu.externaltools.gnu-tools-for-stm32.10.3-2021.10.win32_1.0.0.202111181127/tools/bin/../lib/gcc/arm-none-eabi/10.3.1/thumb/v7e-m+dp/hard/crti.o
 .bss           0x0000000000000000        0x0 c:/st/stm32cubeide_1.10.1/stm32cubeide/plugins/com.st.stm32cube.ide.mcu.externaltools.gnu-tools-for-stm32.10.3-2021.10.win32_1.0.0.202111181127/tools/bin/../lib/gcc/arm-none-eabi/10.3.1/thumb/v7e-m+dp/hard/crti.o
 .data          0x0000000000000000        0x4 c:/st/stm32cubeide_1.10.1/stm32cubeide/plugins/com.st.stm32cube.ide.mcu.externaltools.gnu-tools-for-stm32.10.3-2021.10.win32_1.0.0.202111181127/tools/bin/../lib/gcc/arm-none-eabi/10.3.1/thumb/v7e-m+dp/hard/crtbegin.o
 .rodata        0x0000000000000000       0x24 c:/st/stm32cubeide_1.10.1/stm32cubeide/plugins/com.st.stm32cube.ide.mcu.externaltools.gnu-tools-for-stm32.10.3-2021.10.win32_1.0.0.202111181127/tools/bin/../lib/gcc/arm-none-eabi/10.3.1/thumb/v7e-m+dp/hard/crtbegin.o
 .text          0x0000000000000000       0x7c c:/st/stm32cubeide_1.10.1/stm32cubeide/plugins/com.st.stm32cube.ide.mcu.externaltools.gnu-tools-for-stm32.10.3-2021.10.win32_1.0.0.202111181127/tools/bin/../lib/gcc/arm-none-eabi/10.3.1/../../../../arm-none-eabi/lib/thumb/v7e-m+dp/hard/crt0.o
 .data          0x0000000000000000        0x0 c:/st/stm32cubeide_1.10.1/stm32cubeide/plugins/com.st.stm32cube.ide.mcu.externaltools.gnu-tools-for-stm32.10.3-2021.10.win32_1.0.0.202111181127/tools/bin/../lib/gcc/arm-none-eabi/10.3.1/../../../../arm-none-eabi/lib/thumb/v7e-m+dp/hard/crt0.o
 .bss           0x0000000000000000        0x0 c:/st/stm32cubeide_1.10.1/stm32cubeide/plugins/com.st.stm32cube.ide.mcu.externaltools.gnu-tools-for-stm32.10.3-2021.10.win32_1.0.0.202111181127/tools/bin/../lib/gcc/arm-none-eabi/10.3.1/../../../../arm-none-eabi/lib/thumb/v7e-m+dp/hard/crt0.o
[...]
Memory Configuration

Name             Origin             Length             Attributes
ITCMRAM          0x0000000000000000 0x0000000000010000 xrw
DTCMRAM          0x0000000020000000 0x0000000000020000 xrw
FLASH            0x0000000008000000 0x0000000000100000 xr
RAM_D1           0x0000000024000000 0x0000000000050000 xrw
RAM_D2           0x0000000030000000 0x0000000000008000 xrw
RAM_D3           0x0000000038000000 0x0000000000004000 xrw
*default*        0x0000000000000000 0xffffffffffffffff

Linker script and memory map

LOAD c:/st/stm32cubeide_1.10.1/stm32cubeide/plugins/com.st.stm32cube.ide.mcu.externaltools.gnu-tools-for-stm32.10.3-2021.10.win32_1.0.0.202111181127/tools/bin/../lib/gcc/arm-none-eabi/10.3.1/thumb/v7e-m+dp/hard/crti.o
LOAD c:/st/stm32cubeide_1.10.1/stm32cubeide/plugins/com.st.stm32cube.ide.mcu.externaltools.gnu-tools-for-stm32.10.3-2021.10.win32_1.0.0.202111181127/tools/bin/../lib/gcc/arm-none-eabi/10.3.1/thumb/v7e-m+dp/hard/crtbegin.o
LOAD c:/st/stm32cubeide_1.10.1/stm32cubeide/plugins/com.st.stm32cube.ide.mcu.externaltools.gnu-tools-for-stm32.10.3-2021.10.win32_1.0.0.202111181127/tools/bin/../lib/gcc/arm-none-eabi/10.3.1/../../../../arm-none-eabi/lib/thumb/v7e-m+dp/hard/crt0.o
LOAD ./Core/Src/PID.o
LOAD ./Core/Src/TIM_IT.o
LOAD ./Core/Src/chassis_DCmotor.o
LOAD ./Core/Src/chassis_kinetic_model.o
LOAD ./Core/Src/main.o
LOAD ./Core/Src/mainpp.o
LOAD ./Core/Src/pusher.o
LOAD ./Core/Src/script.o
LOAD ./Core/Src/stm32h7xx_hal_msp.o
LOAD ./Core/Src/stm32h7xx_it.o
LOAD ./Core/Src/syscalls.o
LOAD ./Core/Src/sysmem.o
LOAD ./Core/Src/system_stm32h7xx.o
LOAD ./Core/Startup/startup_stm32h723zgtx.o
LOAD ./Drivers/STM32H7xx_HAL_Driver/Src/stm32h7xx_hal.o
LOAD ./Drivers/STM32H7xx_HAL_Driver/Src/stm32h7xx_hal_cortex.o
LOAD ./Drivers/STM32H7xx_HAL_Driver/Src/stm32h7xx_hal_dma.o
LOAD ./Drivers/STM32H7xx_HAL_Driver/Src/stm32h7xx_hal_dma_ex.o
LOAD ./Drivers/STM32H7xx_HAL_Driver/Src/stm32h7xx_hal_exti.o
LOAD ./Drivers/STM32H7xx_HAL_Driver/Src/stm32h7xx_hal_flash.o
LOAD ./Drivers/STM32H7xx_HAL_Driver/Src/stm32h7xx_hal_flash_ex.o
LOAD ./Drivers/STM32H7xx_HAL_Driver/Src/stm32h7xx_hal_gpio.o
LOAD ./Drivers/STM32H7xx_HAL_Driver/Src/stm32h7xx_hal_hsem.o
LOAD ./Drivers/STM32H7xx_HAL_Driver/Src/stm32h7xx_hal_i2c.o
LOAD ./Drivers/STM32H7xx_HAL_Driver/Src/stm32h7xx_hal_i2c_ex.o
LOAD ./Drivers/STM32H7xx_HAL_Driver/Src/stm32h7xx_hal_mdma.o
LOAD ./Drivers/STM32H7xx_HAL_Driver/Src/stm32h7xx_hal_pwr.o
LOAD ./Drivers/STM32H7xx_HAL_Driver/Src/stm32h7xx_hal_pwr_ex.o
LOAD ./Drivers/STM32H7xx_HAL_Driver/Src/stm32h7xx_hal_rcc.o
LOAD ./Drivers/STM32H7xx_HAL_Driver/Src/stm32h7xx_hal_rcc_ex.o
LOAD ./Drivers/STM32H7xx_HAL_Driver/Src/stm32h7xx_hal_tim.o
LOAD ./Drivers/STM32H7xx_HAL_Driver/Src/stm32h7xx_hal_tim_ex.o
START GROUP
LOAD c:/st/stm32cubeide_1.10.1/stm32cubeide/plugins/com.st.stm32cube.ide.mcu.externaltools.gnu-tools-for-stm32.10.3-2021.10.win32_1.0.0.202111181127/tools/bin/../lib/gcc/arm-none-eabi/10.3.1/../../../../arm-none-eabi/lib/thumb/v7e-m+dp/hard\libstdc++_nano.a
LOAD c:/st/stm32cubeide_1.10.1/stm32cubeide/plugins/com.st.stm32cube.ide.mcu.externaltools.gnu-tools-for-stm32.10.3-2021.10.win32_1.0.0.202111181127/tools/bin/../lib/gcc/arm-none-eabi/10.3.1/../../../../arm-none-eabi/lib/thumb/v7e-m+dp/hard\libsupc++_nano.a
END GROUP
LOAD c:/st/stm32cubeide_1.10.1/stm32cubeide/plugins/com.st.stm32cube.ide.mcu.externaltools.gnu-tools-for-stm32.10.3-2021.10.win32_1.0.0.202111181127/tools/bin/../lib/gcc/arm-none-eabi/10.3.1/../../../../arm-none-eabi/lib/thumb/v7e-m+dp/hard\libstdc++_nano.a
LOAD c:/st/stm32cubeide_1.10.1/stm32cubeide/plugins/com.st.stm32cube.ide.mcu.externaltools.gnu-tools-for-stm32.10.3-2021.10.win32_1.0.0.202111181127/tools/bin/../lib/gcc/arm-none-eabi/10.3.1/../../../../arm-none-eabi/lib/thumb/v7e-m+dp/hard\libm.a
LOAD c:/st/stm32cubeide_1.10.1/stm32cubeide/plugins/com.st.stm32cube.ide.mcu.externaltools.gnu-tools-for-stm32.10.3-2021.10.win32_1.0.0.202111181127/tools/bin/../lib/gcc/arm-none-eabi/10.3.1/../../../../arm-none-eabi/lib/thumb/v7e-m+dp/hard\libc_nano.a
START GROUP
LOAD c:/st/stm32cubeide_1.10.1/stm32cubeide/plugins/com.st.stm32cube.ide.mcu.externaltools.gnu-tools-for-stm32.10.3-2021.10.win32_1.0.0.202111181127/tools/bin/../lib/gcc/arm-none-eabi/10.3.1/thumb/v7e-m+dp/hard\libgcc.a
LOAD c:/st/stm32cubeide_1.10.1/stm32cubeide/plugins/com.st.stm32cube.ide.mcu.externaltools.gnu-tools-for-stm32.10.3-2021.10.win32_1.0.0.202111181127/tools/bin/../lib/gcc/arm-none-eabi/10.3.1/../../../../arm-none-eabi/lib/thumb/v7e-m+dp/hard\libc_nano.a
END GROUP
START GROUP
LOAD c:/st/stm32cubeide_1.10.1/stm32cubeide/plugins/com.st.stm32cube.ide.mcu.externaltools.gnu-tools-for-stm32.10.3-2021.10.win32_1.0.0.202111181127/tools/bin/../lib/gcc/arm-none-eabi/10.3.1/thumb/v7e-m+dp/hard\libgcc.a
LOAD c:/st/stm32cubeide_1.10.1/stm32cubeide/plugins/com.st.stm32cube.ide.mcu.externaltools.gnu-tools-for-stm32.10.3-2021.10.win32_1.0.0.202111181127/tools/bin/../lib/gcc/arm-none-eabi/10.3.1/../../../../arm-none-eabi/lib/thumb/v7e-m+dp/hard\libc_nano.a
LOAD c:/st/stm32cubeide_1.10.1/stm32cubeide/plugins/com.st.stm32cube.ide.mcu.externaltools.gnu-tools-for-stm32.10.3-2021.10.win32_1.0.0.202111181127/tools/bin/../lib/gcc/arm-none-eabi/10.3.1/../../../../arm-none-eabi/lib/thumb/v7e-m+dp/hard\libnosys.a
END GROUP
START GROUP
LOAD c:/st/stm32cubeide_1.10.1/stm32cubeide/plugins/com.st.stm32cube.ide.mcu.externaltools.gnu-tools-for-stm32.10.3-2021.10.win32_1.0.0.202111181127/tools/bin/../lib/gcc/arm-none-eabi/10.3.1/thumb/v7e-m+dp/hard\libgcc.a
LOAD c:/st/stm32cubeide_1.10.1/stm32cubeide/plugins/com.st.stm32cube.ide.mcu.externaltools.gnu-tools-for-stm32.10.3-2021.10.win32_1.0.0.202111181127/tools/bin/../lib/gcc/arm-none-eabi/10.3.1/../../../../arm-none-eabi/lib/thumb/v7e-m+dp/hard\libc_nano.a
LOAD c:/st/stm32cubeide_1.10.1/stm32cubeide/plugins/com.st.stm32cube.ide.mcu.externaltools.gnu-tools-for-stm32.10.3-2021.10.win32_1.0.0.202111181127/tools/bin/../lib/gcc/arm-none-eabi/10.3.1/../../../../arm-none-eabi/lib/thumb/v7e-m+dp/hard\libnosys.a
END GROUP
LOAD c:/st/stm32cubeide_1.10.1/stm32cubeide/plugins/com.st.stm32cube.ide.mcu.externaltools.gnu-tools-for-stm32.10.3-2021.10.win32_1.0.0.202111181127/tools/bin/../lib/gcc/arm-none-eabi/10.3.1/thumb/v7e-m+dp/hard/crtend.o
LOAD c:/st/stm32cubeide_1.10.1/stm32cubeide/plugins/com.st.stm32cube.ide.mcu.externaltools.gnu-tools-for-stm32.10.3-2021.10.win32_1.0.0.202111181127/tools/bin/../lib/gcc/arm-none-eabi/10.3.1/thumb/v7e-m+dp/hard/crtn.o
                0x0000000024050000                _estack = (ORIGIN (RAM_D1) + LENGTH (RAM_D1))
                0x0000000000000200                _Min_Heap_Size = 0x200
                0x0000000000000400                _Min_Stack_Size = 0x400

.isr_vector     0x0000000008000000      0x2cc
                0x0000000008000000                . = ALIGN (0x4)
 *(.isr_vector)
 .isr_vector    0x0000000008000000      0x2cc ./Core/Startup/startup_stm32h723zgtx.o
                0x0000000008000000                g_pfnVectors
                0x00000000080002cc                . = ALIGN (0x4)

.text           0x00000000080002d0     0x4e04
                0x00000000080002d0                . = ALIGN (0x4)
 *(.text)
 .text          0x00000000080002d0       0x40 c:/st/stm32cubeide_1.10.1/stm32cubeide/plugins/com.st.stm32cube.ide.mcu.externaltools.gnu-tools-for-stm32.10.3-2021.10.win32_1.0.0.202111181127/tools/bin/../lib/gcc/arm-none-eabi/10.3.1/thumb/v7e-m+dp/hard/crtbegin.o
 *(.text*)
 .text.pidCtrl  0x0000000008000310      0x350 ./Core/Src/PID.o
                0x0000000008000310                pidCtrl
 .text.HAL_TIM_PeriodElapsedCallback
                0x0000000008000660      0x580 ./Core/Src/TIM_IT.o
                0x0000000008000660                HAL_TIM_PeriodElapsedCallback
 .text._Z13DC_motor_initv
                0x0000000008000be0       0x80 ./Core/Src/chassis_DCmotor.o
                0x0000000008000be0                DC_motor_init()
 .text._ZN8DC_motorC2Edddddd
                0x0000000008000c60       0xa8 ./Core/Src/chassis_DCmotor.o
                0x0000000008000c60                DC_motor::DC_motor(double, double, double, double, double, double)
                0x0000000008000c60                DC_motor::DC_motor(double, double, double, double, double, double)
 .text._Z41__static_initialization_and_destruction_0ii
                0x0000000008000d08      0x110 ./Core/Src/chassis_DCmotor.o
 .text._GLOBAL__sub_I_FL
                0x0000000008000e18       0x10 ./Core/Src/chassis_DCmotor.o
 .text.main     0x0000000008000e28       0x3a ./Core/Src/main.o
                0x0000000008000e28                main
 *fill*         0x0000000008000e62        0x2 
 .text.SystemClock_Config
                0x0000000008000e64       0xbc ./Core/Src/main.o
                0x0000000008000e64                SystemClock_Config
 .text.MX_TIM1_Init
                0x0000000008000f20       0xa8 ./Core/Src/main.o
 .text.MX_TIM2_Init
                0x0000000008000fc8       0xa8 ./Core/Src/main.o
 .text.MX_TIM3_Init
                0x0000000008001070       0xac ./Core/Src/main.o
 .text.MX_TIM4_Init
                0x000000000800111c       0xac ./Core/Src/main.o
 .text.MX_TIM5_Init
                0x00000000080011c8       0xac ./Core/Src/main.o
 .text.MX_TIM8_Init
                0x0000000008001274       0xa8 ./Core/Src/main.o
 .text.MX_TIM12_Init
                0x000000000800131c       0xa0 ./Core/Src/main.o
 .text.MX_TIM15_Init
                0x00000000080013bc      0x124 ./Core/Src/main.o
 .text.MX_TIM23_Init
                0x00000000080014e0       0x9c ./Core/Src/main.o
 .text.MX_GPIO_Init
                0x000000000800157c      0x204 ./Core/Src/main.o
 .text.Error_Handler
                0x0000000008001780        0xa ./Core/Src/main.o
                0x0000000008001780                Error_Handler
 .text._ZN6PUSHERC2Ev
                0x000000000800178a       0x46 ./Core/Src/mainpp.o
                0x000000000800178a                PUSHER::PUSHER()
                0x000000000800178a                PUSHER::PUSHER()
 .text.main_function
                0x00000000080017d0       0x40 ./Core/Src/mainpp.o
                0x00000000080017d0                main_function
 .text.stm_setup
                0x0000000008001810       0x2c ./Core/Src/mainpp.o
                0x0000000008001810                stm_setup
 .text._Z13script_pusherdd
                0x000000000800183c       0x38 ./Core/Src/pusher.o
                0x000000000800183c                script_pusher(double, double)
 .text._ZN6PUSHER8distenceEv
                0x0000000008001874       0x58 ./Core/Src/pusher.o
                0x0000000008001874                PUSHER::distence()
 .text._Z41__static_initialization_and_destruction_0ii
                0x00000000080018cc       0x38 ./Core/Src/pusher.o
 .text._GLOBAL__sub_I_pusher_A
                0x0000000008001904       0x10 ./Core/Src/pusher.o
 *fill*         0x0000000008001914        0x4 
 .text._Z6scriptv
                0x0000000008001918      0x1cc ./Core/Src/script.o
                0x0000000008001918                script()
 .text._Z12script_wheelddd
                0x0000000008001ae4       0x48 ./Core/Src/script.o
                0x0000000008001ae4                script_wheel(double, double, double)
 .text.HAL_MspInit
                0x0000000008001b2c       0x34 ./Core/Src/stm32h7xx_hal_msp.o
                0x0000000008001b2c                HAL_MspInit
 .text.HAL_TIM_Base_MspInit
                0x0000000008001b60      0x12c ./Core/Src/stm32h7xx_hal_msp.o
                0x0000000008001b60                HAL_TIM_Base_MspInit
 .text.HAL_TIM_Encoder_MspInit
                0x0000000008001c8c      0x21c ./Core/Src/stm32h7xx_hal_msp.o
                0x0000000008001c8c                HAL_TIM_Encoder_MspInit
 .text.HAL_TIM_PWM_MspInit
                0x0000000008001ea8       0x80 ./Core/Src/stm32h7xx_hal_msp.o
                0x0000000008001ea8                HAL_TIM_PWM_MspInit
 .text.HAL_TIM_MspPostInit
                0x0000000008001f28       0xc8 ./Core/Src/stm32h7xx_hal_msp.o
                0x0000000008001f28                HAL_TIM_MspPostInit
 .text.NMI_Handler
                0x0000000008001ff0        0x6 ./Core/Src/stm32h7xx_it.o
                0x0000000008001ff0                NMI_Handler
 .text.HardFault_Handler
                0x0000000008001ff6        0x6 ./Core/Src/stm32h7xx_it.o
                0x0000000008001ff6                HardFault_Handler
 .text.MemManage_Handler
                0x0000000008001ffc        0x6 ./Core/Src/stm32h7xx_it.o
                0x0000000008001ffc                MemManage_Handler
 .text.BusFault_Handler
                0x0000000008002002        0x6 ./Core/Src/stm32h7xx_it.o
                0x0000000008002002                BusFault_Handler
 .text.UsageFault_Handler
                0x0000000008002008        0x6 ./Core/Src/stm32h7xx_it.o
                0x0000000008002008                UsageFault_Handler
 .text.SVC_Handler
                0x000000000800200e        0xe ./Core/Src/stm32h7xx_it.o
                0x000000000800200e                SVC_Handler
 .text.DebugMon_Handler
                0x000000000800201c        0xe ./Core/Src/stm32h7xx_it.o
                0x000000000800201c                DebugMon_Handler
 .text.PendSV_Handler
                0x000000000800202a        0xe ./Core/Src/stm32h7xx_it.o
                0x000000000800202a                PendSV_Handler
 .text.SysTick_Handler
                0x0000000008002038        0xc ./Core/Src/stm32h7xx_it.o
                0x0000000008002038                SysTick_Handler
 .text.TIM1_BRK_IRQHandler
                0x0000000008002044       0x14 ./Core/Src/stm32h7xx_it.o
                0x0000000008002044                TIM1_BRK_IRQHandler
 .text.TIM1_UP_IRQHandler
                0x0000000008002058       0x14 ./Core/Src/stm32h7xx_it.o
                0x0000000008002058                TIM1_UP_IRQHandler
 .text.TIM1_TRG_COM_IRQHandler
                0x000000000800206c       0x14 ./Core/Src/stm32h7xx_it.o
                0x000000000800206c                TIM1_TRG_COM_IRQHandler
 .text.TIM1_CC_IRQHandler
                0x0000000008002080       0x14 ./Core/Src/stm32h7xx_it.o
                0x0000000008002080                TIM1_CC_IRQHandler
 .text.TIM8_BRK_TIM12_IRQHandler
                0x0000000008002094       0x1c ./Core/Src/stm32h7xx_it.o
                0x0000000008002094                TIM8_BRK_TIM12_IRQHandler
 .text.TIM8_UP_TIM13_IRQHandler
                0x00000000080020b0       0x14 ./Core/Src/stm32h7xx_it.o
                0x00000000080020b0                TIM8_UP_TIM13_IRQHandler
 .text.TIM8_TRG_COM_TIM14_IRQHandler
                0x00000000080020c4       0x14 ./Core/Src/stm32h7xx_it.o
                0x00000000080020c4                TIM8_TRG_COM_TIM14_IRQHandler
 .text.TIM8_CC_IRQHandler
                0x00000000080020d8       0x14 ./Core/Src/stm32h7xx_it.o
                0x00000000080020d8                TIM8_CC_IRQHandler
 .text.TIM23_IRQHandler
                0x00000000080020ec       0x14 ./Core/Src/stm32h7xx_it.o
                0x00000000080020ec                TIM23_IRQHandler
 .text.SystemInit
                0x0000000008002100       0xf0 ./Core/Src/system_stm32h7xx.o
                0x0000000008002100                SystemInit
 .text.Reset_Handler
                0x00000000080021f0       0x50 ./Core/Startup/startup_stm32h723zgtx.o
                0x00000000080021f0                Reset_Handler
 .text.Default_Handler
                0x0000000008002240        0x2 ./Core/Startup/startup_stm32h723zgtx.o
                0x0000000008002240                RTC_Alarm_IRQHandler
                0x0000000008002240                EXTI2_IRQHandler
                0x0000000008002240                UART8_IRQHandler
                0x0000000008002240                SPI4_IRQHandler
                0x0000000008002240                FDCAN3_IT0_IRQHandler
                0x0000000008002240                BDMA_Channel6_IRQHandler
                0x0000000008002240                DMA2_Stream5_IRQHandler
                0x0000000008002240                DMA1_Stream5_IRQHandler
                0x0000000008002240                CORDIC_IRQHandler
                0x0000000008002240                BDMA_Channel1_IRQHandler
                0x0000000008002240                TAMP_STAMP_IRQHandler
                0x0000000008002240                EXTI3_IRQHandler
                0x0000000008002240                LPTIM4_IRQHandler
                0x0000000008002240                LPTIM2_IRQHandler
                0x0000000008002240                DFSDM1_FLT1_IRQHandler
                0x0000000008002240                DMAMUX2_OVR_IRQHandler
                0x0000000008002240                I2C3_ER_IRQHandler
                0x0000000008002240                DFSDM1_FLT2_IRQHandler
                0x0000000008002240                I2C5_EV_IRQHandler
                0x0000000008002240                USART10_IRQHandler
                0x0000000008002240                MDMA_IRQHandler
                0x0000000008002240                LPTIM3_IRQHandler
                0x0000000008002240                HSEM1_IRQHandler
                0x0000000008002240                EXTI0_IRQHandler
                0x0000000008002240                I2C2_EV_IRQHandler
                0x0000000008002240                DMA1_Stream2_IRQHandler
                0x0000000008002240                FPU_IRQHandler
                0x0000000008002240                OTG_HS_WKUP_IRQHandler
                0x0000000008002240                FDCAN1_IT1_IRQHandler
                0x0000000008002240                LTDC_ER_IRQHandler
                0x0000000008002240                DMA2_Stream2_IRQHandler
                0x0000000008002240                SPI1_IRQHandler
                0x0000000008002240                OCTOSPI1_IRQHandler
                0x0000000008002240                TIM6_DAC_IRQHandler
                0x0000000008002240                DMA2_Stream3_IRQHandler
                0x0000000008002240                OCTOSPI2_IRQHandler
                0x0000000008002240                DFSDM1_FLT3_IRQHandler
                0x0000000008002240                USART6_IRQHandler
                0x0000000008002240                TIM17_IRQHandler
                0x0000000008002240                USART3_IRQHandler
                0x0000000008002240                BDMA_Channel7_IRQHandler
                0x0000000008002240                LPTIM5_IRQHandler
                0x0000000008002240                UART5_IRQHandler
                0x0000000008002240                ADC3_IRQHandler
                0x0000000008002240                DMA2_Stream0_IRQHandler
                0x0000000008002240                TIM4_IRQHandler
                0x0000000008002240                BDMA_Channel2_IRQHandler
                0x0000000008002240                I2C1_EV_IRQHandler
                0x0000000008002240                DMA1_Stream6_IRQHandler
                0x0000000008002240                DMAMUX1_OVR_IRQHandler
                0x0000000008002240                DMA1_Stream1_IRQHandler
                0x0000000008002240                TIM16_IRQHandler
                0x0000000008002240                UART4_IRQHandler
                0x0000000008002240                BDMA_Channel5_IRQHandler
                0x0000000008002240                TIM3_IRQHandler
                0x0000000008002240                RCC_IRQHandler
                0x0000000008002240                UART9_IRQHandler
                0x0000000008002240                Default_Handler
                0x0000000008002240                ECC_IRQHandler
                0x0000000008002240                FMAC_IRQHandler
                0x0000000008002240                CEC_IRQHandler
                0x0000000008002240                EXTI15_10_IRQHandler
                0x0000000008002240                BDMA_Channel0_IRQHandler
                0x0000000008002240                ADC_IRQHandler
                0x0000000008002240                I2C5_ER_IRQHandler
                0x0000000008002240                DMA1_Stream7_IRQHandler
                0x0000000008002240                SPI5_IRQHandler
                0x0000000008002240                TIM7_IRQHandler
                0x0000000008002240                FDCAN3_IT1_IRQHandler
                0x0000000008002240                SDMMC1_IRQHandler
                0x0000000008002240                TIM5_IRQHandler
                0x0000000008002240                DMA2_Stream7_IRQHandler
                0x0000000008002240                TIM15_IRQHandler
                0x0000000008002240                PVD_AVD_IRQHandler
                0x0000000008002240                I2C3_EV_IRQHandler
                0x0000000008002240                EXTI9_5_IRQHandler
                0x0000000008002240                RTC_WKUP_IRQHandler
                0x0000000008002240                LTDC_IRQHandler
                0x0000000008002240                ETH_WKUP_IRQHandler
                0x0000000008002240                SPDIF_RX_IRQHandler
                0x0000000008002240                SPI2_IRQHandler
                0x0000000008002240                OTG_HS_EP1_IN_IRQHandler
                0x0000000008002240                DMA1_Stream0_IRQHandler
                0x0000000008002240                TIM24_IRQHandler
                0x0000000008002240                CRS_IRQHandler
                0x0000000008002240                EXTI4_IRQHandler
                0x0000000008002240                RNG_IRQHandler
                0x0000000008002240                FDCAN2_IT1_IRQHandler
                0x0000000008002240                ETH_IRQHandler
                0x0000000008002240                BDMA_Channel4_IRQHandler
                0x0000000008002240                OTG_HS_EP1_OUT_IRQHandler
                0x0000000008002240                WWDG_IRQHandler
                0x0000000008002240                SPI6_IRQHandler
                0x0000000008002240                MDIOS_IRQHandler
                0x0000000008002240                I2C4_EV_IRQHandler
                0x0000000008002240                FDCAN2_IT0_IRQHandler
                0x0000000008002240                LPUART1_IRQHandler
                0x0000000008002240                FDCAN1_IT0_IRQHandler
                0x0000000008002240                TIM2_IRQHandler
                0x0000000008002240                OTG_HS_IRQHandler
                0x0000000008002240                DMA2D_IRQHandler
                0x0000000008002240                EXTI1_IRQHandler
                0x0000000008002240                SDMMC2_IRQHandler
                0x0000000008002240                BDMA_Channel3_IRQHandler
                0x0000000008002240                DTS_IRQHandler
                0x0000000008002240                UART7_IRQHandler
                0x0000000008002240                MDIOS_WKUP_IRQHandler
                0x0000000008002240                USART2_IRQHandler
                0x0000000008002240                DFSDM1_FLT0_IRQHandler
                0x0000000008002240                SAI4_IRQHandler
                0x0000000008002240                I2C2_ER_IRQHandler
                0x0000000008002240                DMA2_Stream1_IRQHandler
                0x0000000008002240                FLASH_IRQHandler
                0x0000000008002240                DMA2_Stream4_IRQHandler
                0x0000000008002240                USART1_IRQHandler
                0x0000000008002240                SPI3_IRQHandler
                0x0000000008002240                WAKEUP_PIN_IRQHandler
                0x0000000008002240                DMA1_Stream4_IRQHandler
                0x0000000008002240                I2C1_ER_IRQHandler
                0x0000000008002240                FMC_IRQHandler
                0x0000000008002240                FDCAN_CAL_IRQHandler
                0x0000000008002240                SWPMI1_IRQHandler
                0x0000000008002240                COMP1_IRQHandler
                0x0000000008002240                LPTIM1_IRQHandler
                0x0000000008002240                DCMI_PSSI_IRQHandler
                0x0000000008002240                I2C4_ER_IRQHandler
                0x0000000008002240                DMA2_Stream6_IRQHandler
                0x0000000008002240                SAI1_IRQHandler
                0x0000000008002240                DMA1_Stream3_IRQHandler
 *fill*         0x0000000008002242        0x2 
 .text.HAL_Init
                0x0000000008002244       0x78 ./Drivers/STM32H7xx_HAL_Driver/Src/stm32h7xx_hal.o
                0x0000000008002244                HAL_Init
 .text.HAL_InitTick
                0x00000000080022bc       0x6c ./Drivers/STM32H7xx_HAL_Driver/Src/stm32h7xx_hal.o
                0x00000000080022bc                HAL_InitTick
 .text.HAL_IncTick
                0x0000000008002328       0x28 ./Drivers/STM32H7xx_HAL_Driver/Src/stm32h7xx_hal.o
                0x0000000008002328                HAL_IncTick
 .text.HAL_GetTick
                0x0000000008002350       0x18 ./Drivers/STM32H7xx_HAL_Driver/Src/stm32h7xx_hal.o
                0x0000000008002350                HAL_GetTick
 .text.__NVIC_SetPriorityGrouping
                0x0000000008002368       0x48 ./Drivers/STM32H7xx_HAL_Driver/Src/stm32h7xx_hal_cortex.o
 .text.__NVIC_GetPriorityGrouping
                0x00000000080023b0       0x1c ./Drivers/STM32H7xx_HAL_Driver/Src/stm32h7xx_hal_cortex.o
 .text.__NVIC_EnableIRQ
                0x00000000080023cc       0x3c ./Drivers/STM32H7xx_HAL_Driver/Src/stm32h7xx_hal_cortex.o
 .text.__NVIC_SetPriority
                0x0000000008002408       0x54 ./Drivers/STM32H7xx_HAL_Driver/Src/stm32h7xx_hal_cortex.o
 .text.NVIC_EncodePriority
                0x000000000800245c       0x66 ./Drivers/STM32H7xx_HAL_Driver/Src/stm32h7xx_hal_cortex.o
 *fill*         0x00000000080024c2        0x2 
 .text.SysTick_Config
                0x00000000080024c4       0x44 ./Drivers/STM32H7xx_HAL_Driver/Src/stm32h7xx_hal_cortex.o
 .text.HAL_NVIC_SetPriorityGrouping
                0x0000000008002508       0x16 ./Drivers/STM32H7xx_HAL_Driver/Src/stm32h7xx_hal_cortex.o
                0x0000000008002508                HAL_NVIC_SetPriorityGrouping
 .text.HAL_NVIC_SetPriority
                0x000000000800251e       0x34 ./Drivers/STM32H7xx_HAL_Driver/Src/stm32h7xx_hal_cortex.o
                0x000000000800251e                HAL_NVIC_SetPriority
 .text.HAL_NVIC_EnableIRQ
                0x0000000008002552       0x1c ./Drivers/STM32H7xx_HAL_Driver/Src/stm32h7xx_hal_cortex.o
                0x0000000008002552                HAL_NVIC_EnableIRQ
 .text.HAL_SYSTICK_Config
                0x000000000800256e       0x18 ./Drivers/STM32H7xx_HAL_Driver/Src/stm32h7xx_hal_cortex.o
                0x000000000800256e                HAL_SYSTICK_Config
 *fill*         0x0000000008002586        0x2 
 .text.HAL_GPIO_Init
                0x0000000008002588      0x350 ./Drivers/STM32H7xx_HAL_Driver/Src/stm32h7xx_hal_gpio.o
                0x0000000008002588                HAL_GPIO_Init
 .text.HAL_GPIO_WritePin
                0x00000000080028d8       0x32 ./Drivers/STM32H7xx_HAL_Driver/Src/stm32h7xx_hal_gpio.o
                0x00000000080028d8                HAL_GPIO_WritePin
 *fill*         0x000000000800290a        0x2 
 .text.HAL_PWREx_ConfigSupply
                0x000000000800290c       0x74 ./Drivers/STM32H7xx_HAL_Driver/Src/stm32h7xx_hal_pwr_ex.o
                0x000000000800290c                HAL_PWREx_ConfigSupply
 .text.HAL_RCC_OscConfig
                0x0000000008002980      0x75c ./Drivers/STM32H7xx_HAL_Driver/Src/stm32h7xx_hal_rcc.o
                0x0000000008002980                HAL_RCC_OscConfig
 .text.HAL_RCC_ClockConfig
                0x00000000080030dc      0x36c ./Drivers/STM32H7xx_HAL_Driver/Src/stm32h7xx_hal_rcc.o
                0x00000000080030dc                HAL_RCC_ClockConfig
 .text.HAL_RCC_GetSysClockFreq
                0x0000000008003448      0x2f4 ./Drivers/STM32H7xx_HAL_Driver/Src/stm32h7xx_hal_rcc.o
                0x0000000008003448                HAL_RCC_GetSysClockFreq
 .text.HAL_TIM_Base_Init
                0x000000000800373c       0xae ./Drivers/STM32H7xx_HAL_Driver/Src/stm32h7xx_hal_tim.o
                0x000000000800373c                HAL_TIM_Base_Init
 *fill*         0x00000000080037ea        0x2 
 .text.HAL_TIM_Base_Start_IT
                0x00000000080037ec      0x10c ./Drivers/STM32H7xx_HAL_Driver/Src/stm32h7xx_hal_tim.o
                0x00000000080037ec                HAL_TIM_Base_Start_IT
 .text.HAL_TIM_PWM_Init
                0x00000000080038f8       0xae ./Drivers/STM32H7xx_HAL_Driver/Src/stm32h7xx_hal_tim.o
                0x00000000080038f8                HAL_TIM_PWM_Init
 *fill*         0x00000000080039a6        0x2 
 .text.HAL_TIM_PWM_Start
                0x00000000080039a8      0x238 ./Drivers/STM32H7xx_HAL_Driver/Src/stm32h7xx_hal_tim.o
                0x00000000080039a8                HAL_TIM_PWM_Start
 .text.HAL_TIM_Encoder_Init
                0x0000000008003be0      0x14c ./Drivers/STM32H7xx_HAL_Driver/Src/stm32h7xx_hal_tim.o
                0x0000000008003be0                HAL_TIM_Encoder_Init
 .text.HAL_TIM_Encoder_Start_IT
                0x0000000008003d2c      0x15c ./Drivers/STM32H7xx_HAL_Driver/Src/stm32h7xx_hal_tim.o
                0x0000000008003d2c                HAL_TIM_Encoder_Start_IT
 .text.HAL_TIM_IRQHandler
                0x0000000008003e88      0x23e ./Drivers/STM32H7xx_HAL_Driver/Src/stm32h7xx_hal_tim.o
                0x0000000008003e88                HAL_TIM_IRQHandler
 *fill*         0x00000000080040c6        0x2 
 .text.HAL_TIM_PWM_ConfigChannel
                0x00000000080040c8      0x228 ./Drivers/STM32H7xx_HAL_Driver/Src/stm32h7xx_hal_tim.o
                0x00000000080040c8                HAL_TIM_PWM_ConfigChannel
 .text.HAL_TIM_ConfigClockSource
                0x00000000080042f0      0x1f0 ./Drivers/STM32H7xx_HAL_Driver/Src/stm32h7xx_hal_tim.o
                0x00000000080042f0                HAL_TIM_ConfigClockSource
 .text.HAL_TIM_OC_DelayElapsedCallback
                0x00000000080044e0       0x14 ./Drivers/STM32H7xx_HAL_Driver/Src/stm32h7xx_hal_tim.o
                0x00000000080044e0                HAL_TIM_OC_DelayElapsedCallback
 .text.HAL_TIM_IC_CaptureCallback
                0x00000000080044f4       0x14 ./Drivers/STM32H7xx_HAL_Driver/Src/stm32h7xx_hal_tim.o
                0x00000000080044f4                HAL_TIM_IC_CaptureCallback
 .text.HAL_TIM_PWM_PulseFinishedCallback
                0x0000000008004508       0x14 ./Drivers/STM32H7xx_HAL_Driver/Src/stm32h7xx_hal_tim.o
                0x0000000008004508                HAL_TIM_PWM_PulseFinishedCallback
 .text.HAL_TIM_TriggerCallback
                0x000000000800451c       0x14 ./Drivers/STM32H7xx_HAL_Driver/Src/stm32h7xx_hal_tim.o
                0x000000000800451c                HAL_TIM_TriggerCallback
 .text.TIM_Base_SetConfig
                0x0000000008004530      0x14c ./Drivers/STM32H7xx_HAL_Driver/Src/stm32h7xx_hal_tim.o
                0x0000000008004530                TIM_Base_SetConfig
 .text.TIM_OC1_SetConfig
                0x000000000800467c      0x120 ./Drivers/STM32H7xx_HAL_Driver/Src/stm32h7xx_hal_tim.o
 .text.TIM_OC2_SetConfig
                0x000000000800479c      0x114 ./Drivers/STM32H7xx_HAL_Driver/Src/stm32h7xx_hal_tim.o
                0x000000000800479c                TIM_OC2_SetConfig
 .text.TIM_OC3_SetConfig
                0x00000000080048b0      0x110 ./Drivers/STM32H7xx_HAL_Driver/Src/stm32h7xx_hal_tim.o
 .text.TIM_OC4_SetConfig
                0x00000000080049c0       0xd4 ./Drivers/STM32H7xx_HAL_Driver/Src/stm32h7xx_hal_tim.o
 .text.TIM_OC5_SetConfig
                0x0000000008004a94       0xc8 ./Drivers/STM32H7xx_HAL_Driver/Src/stm32h7xx_hal_tim.o
 .text.TIM_OC6_SetConfig
                0x0000000008004b5c       0xcc ./Drivers/STM32H7xx_HAL_Driver/Src/stm32h7xx_hal_tim.o
 .text.TIM_TI1_ConfigInputStage
                0x0000000008004c28       0x5e ./Drivers/STM32H7xx_HAL_Driver/Src/stm32h7xx_hal_tim.o
 .text.TIM_TI2_ConfigInputStage
                0x0000000008004c86       0x60 ./Drivers/STM32H7xx_HAL_Driver/Src/stm32h7xx_hal_tim.o
 *fill*         0x0000000008004ce6        0x2 
 .text.TIM_ITRx_SetConfig
                0x0000000008004ce8       0x3c ./Drivers/STM32H7xx_HAL_Driver/Src/stm32h7xx_hal_tim.o
 .text.TIM_ETR_SetConfig
                0x0000000008004d24       0x40 ./Drivers/STM32H7xx_HAL_Driver/Src/stm32h7xx_hal_tim.o
                0x0000000008004d24                TIM_ETR_SetConfig
 .text.TIM_CCxChannelCmd
                0x0000000008004d64       0x4a ./Drivers/STM32H7xx_HAL_Driver/Src/stm32h7xx_hal_tim.o
                0x0000000008004d64                TIM_CCxChannelCmd
 *fill*         0x0000000008004dae        0x2 
 .text.HAL_TIMEx_MasterConfigSynchronization
                0x0000000008004db0      0x138 ./Drivers/STM32H7xx_HAL_Driver/Src/stm32h7xx_hal_tim_ex.o
                0x0000000008004db0                HAL_TIMEx_MasterConfigSynchronization
 .text.HAL_TIMEx_ConfigBreakDeadTime
                0x0000000008004ee8      0x140 ./Drivers/STM32H7xx_HAL_Driver/Src/stm32h7xx_hal_tim_ex.o
                0x0000000008004ee8                HAL_TIMEx_ConfigBreakDeadTime
 .text.HAL_TIMEx_CommutCallback
                0x0000000008005028       0x14 ./Drivers/STM32H7xx_HAL_Driver/Src/stm32h7xx_hal_tim_ex.o
                0x0000000008005028                HAL_TIMEx_CommutCallback
 .text.HAL_TIMEx_BreakCallback
                0x000000000800503c       0x14 ./Drivers/STM32H7xx_HAL_Driver/Src/stm32h7xx_hal_tim_ex.o
                0x000000000800503c                HAL_TIMEx_BreakCallback
 .text.HAL_TIMEx_Break2Callback
                0x0000000008005050       0x14 ./Drivers/STM32H7xx_HAL_Driver/Src/stm32h7xx_hal_tim_ex.o
                0x0000000008005050                HAL_TIMEx_Break2Callback
 .text.__libc_init_array
                0x0000000008005064       0x48 c:/st/stm32cubeide_1.10.1/stm32cubeide/plugins/com.st.stm32cube.ide.mcu.externaltools.gnu-tools-for-stm32.10.3-2021.10.win32_1.0.0.202111181127/tools/bin/../lib/gcc/arm-none-eabi/10.3.1/../../../../arm-none-eabi/lib/thumb/v7e-m+dp/hard\libc_nano.a(lib_a-init.o)
                0x0000000008005064                __libc_init_array
 .text.memset   0x00000000080050ac       0x10 c:/st/stm32cubeide_1.10.1/stm32cubeide/plugins/com.st.stm32cube.ide.mcu.externaltools.gnu-tools-for-stm32.10.3-2021.10.win32_1.0.0.202111181127/tools/bin/../lib/gcc/arm-none-eabi/10.3.1/../../../../arm-none-eabi/lib/thumb/v7e-m+dp/hard\libc_nano.a(lib_a-memset.o)
                0x00000000080050ac                memset
 *(.glue_7)
 .glue_7        0x00000000080050bc        0x0 linker stubs
 *(.glue_7t)
 .glue_7t       0x00000000080050bc        0x0 linker stubs
 *(.eh_frame)
 .eh_frame      0x00000000080050bc        0x0 c:/st/stm32cubeide_1.10.1/stm32cubeide/plugins/com.st.stm32cube.ide.mcu.externaltools.gnu-tools-for-stm32.10.3-2021.10.win32_1.0.0.202111181127/tools/bin/../lib/gcc/arm-none-eabi/10.3.1/thumb/v7e-m+dp/hard/crtbegin.o
 *(.init)
 .init          0x00000000080050bc        0x4 c:/st/stm32cubeide_1.10.1/stm32cubeide/plugins/com.st.stm32cube.ide.mcu.externaltools.gnu-tools-for-stm32.10.3-2021.10.win32_1.0.0.202111181127/tools/bin/../lib/gcc/arm-none-eabi/10.3.1/thumb/v7e-m+dp/hard/crti.o
                0x00000000080050bc                _init
 .init          0x00000000080050c0        0x8 c:/st/stm32cubeide_1.10.1/stm32cubeide/plugins/com.st.stm32cube.ide.mcu.externaltools.gnu-tools-for-stm32.10.3-2021.10.win32_1.0.0.202111181127/tools/bin/../lib/gcc/arm-none-eabi/10.3.1/thumb/v7e-m+dp/hard/crtn.o
 *(.fini)
 .fini          0x00000000080050c8        0x4 c:/st/stm32cubeide_1.10.1/stm32cubeide/plugins/com.st.stm32cube.ide.mcu.externaltools.gnu-tools-for-stm32.10.3-2021.10.win32_1.0.0.202111181127/tools/bin/../lib/gcc/arm-none-eabi/10.3.1/thumb/v7e-m+dp/hard/crti.o
                0x00000000080050c8                _fini
 .fini          0x00000000080050cc        0x8 c:/st/stm32cubeide_1.10.1/stm32cubeide/plugins/com.st.stm32cube.ide.mcu.externaltools.gnu-tools-for-stm32.10.3-2021.10.win32_1.0.0.202111181127/tools/bin/../lib/gcc/arm-none-eabi/10.3.1/thumb/v7e-m+dp/hard/crtn.o
                0x00000000080050d4                . = ALIGN (0x4)
                0x00000000080050d4                _etext = .

.vfp11_veneer   0x00000000080050d4        0x0
 .vfp11_veneer  0x00000000080050d4        0x0 linker stubs

.v4_bx          0x00000000080050d4        0x0
 .v4_bx         0x00000000080050d4        0x0 linker stubs

.iplt           0x00000000080050d4        0x0
 .iplt          0x00000000080050d4        0x0 c:/st/stm32cubeide_1.10.1/stm32cubeide/plugins/com.st.stm32cube.ide.mcu.externaltools.gnu-tools-for-stm32.10.3-2021.10.win32_1.0.0.202111181127/tools/bin/../lib/gcc/arm-none-eabi/10.3.1/thumb/v7e-m+dp/hard/crtbegin.o

.rodata         0x00000000080050d4       0x10
                0x00000000080050d4                . = ALIGN (0x4)
 *(.rodata)
 *(.rodata*)
 .rodata.D1CorePrescTable
                0x00000000080050d4       0x10 ./Core/Src/system_stm32h7xx.o
                0x00000000080050d4                D1CorePrescTable
                0x00000000080050e4                . = ALIGN (0x4)

.rel.dyn        0x00000000080050e4        0x0
 .rel.iplt      0x00000000080050e4        0x0 c:/st/stm32cubeide_1.10.1/stm32cubeide/plugins/com.st.stm32cube.ide.mcu.externaltools.gnu-tools-for-stm32.10.3-2021.10.win32_1.0.0.202111181127/tools/bin/../lib/gcc/arm-none-eabi/10.3.1/thumb/v7e-m+dp/hard/crtbegin.o

.ARM.extab
 *(.ARM.extab* .gnu.linkonce.armextab.*)

.ARM            0x00000000080050e4        0x0
                0x00000000080050e4                __exidx_start = .
 *(.ARM.exidx*)
                0x00000000080050e4                __exidx_end = .

.preinit_array  0x00000000080050e4        0x0
                0x00000000080050e4                PROVIDE (__preinit_array_start = .)
 *(.preinit_array*)
                0x00000000080050e4                PROVIDE (__preinit_array_end = .)

.init_array     0x00000000080050e4        0xc
                0x00000000080050e4                PROVIDE (__init_array_start = .)
 *(SORT_BY_NAME(.init_array.*))
 *(.init_array*)
 .init_array    0x00000000080050e4        0x4 c:/st/stm32cubeide_1.10.1/stm32cubeide/plugins/com.st.stm32cube.ide.mcu.externaltools.gnu-tools-for-stm32.10.3-2021.10.win32_1.0.0.202111181127/tools/bin/../lib/gcc/arm-none-eabi/10.3.1/thumb/v7e-m+dp/hard/crtbegin.o
 .init_array    0x00000000080050e8        0x4 ./Core/Src/chassis_DCmotor.o
 .init_array    0x00000000080050ec        0x4 ./Core/Src/pusher.o
                0x00000000080050f0                PROVIDE (__init_array_end = .)

.fini_array     0x00000000080050f0        0x4
                [!provide]                        PROVIDE (__fini_array_start = .)
 *(SORT_BY_NAME(.fini_array.*))
 *(.fini_array*)
 .fini_array    0x00000000080050f0        0x4 c:/st/stm32cubeide_1.10.1/stm32cubeide/plugins/com.st.stm32cube.ide.mcu.externaltools.gnu-tools-for-stm32.10.3-2021.10.win32_1.0.0.202111181127/tools/bin/../lib/gcc/arm-none-eabi/10.3.1/thumb/v7e-m+dp/hard/crtbegin.o
                [!provide]                        PROVIDE (__fini_array_end = .)
                0x00000000080050f4                _sidata = LOADADDR (.data)

.data           0x0000000024000000      0x1d8 load address 0x00000000080050f4
                0x0000000024000000                . = ALIGN (0x4)
                0x0000000024000000                _sdata = .
 *(.data)
 *(.data*)
 .data.Kpid     0x0000000024000000      0x1c0 ./Core/Src/PID.o
                0x0000000024000000                Kpid
 .data.coeffab  0x00000000240001c0        0x8 ./Core/Src/TIM_IT.o
                0x00000000240001c0                coeffab
 .data.SystemCoreClock
                0x00000000240001c8        0x4 ./Core/Src/system_stm32h7xx.o
                0x00000000240001c8                SystemCoreClock
 .data.SystemD2Clock
                0x00000000240001cc        0x4 ./Core/Src/system_stm32h7xx.o
                0x00000000240001cc                SystemD2Clock
 .data.uwTickPrio
                0x00000000240001d0        0x4 ./Drivers/STM32H7xx_HAL_Driver/Src/stm32h7xx_hal.o
                0x00000000240001d0                uwTickPrio
 .data.uwTickFreq
                0x00000000240001d4        0x1 ./Drivers/STM32H7xx_HAL_Driver/Src/stm32h7xx_hal.o
                0x00000000240001d4                uwTickFreq
 *(.RamFunc)
 *(.RamFunc*)
                0x00000000240001d8                . = ALIGN (0x4)
 *fill*         0x00000000240001d5        0x3 
                0x00000000240001d8                _edata = .

.igot.plt       0x00000000240001d8        0x0 load address 0x00000000080052cc
 .igot.plt      0x00000000240001d8        0x0 c:/st/stm32cubeide_1.10.1/stm32cubeide/plugins/com.st.stm32cube.ide.mcu.externaltools.gnu-tools-for-stm32.10.3-2021.10.win32_1.0.0.202111181127/tools/bin/../lib/gcc/arm-none-eabi/10.3.1/thumb/v7e-m+dp/hard/crtbegin.o
                0x00000000240001d8                . = ALIGN (0x4)

.bss            0x00000000240001d8      0x518 load address 0x00000000080052cc
                0x00000000240001d8                _sbss = .
                0x00000000240001d8                __bss_start__ = _sbss
 *(.bss)
 .bss           0x00000000240001d8       0x1c c:/st/stm32cubeide_1.10.1/stm32cubeide/plugins/com.st.stm32cube.ide.mcu.externaltools.gnu-tools-for-stm32.10.3-2021.10.win32_1.0.0.202111181127/tools/bin/../lib/gcc/arm-none-eabi/10.3.1/thumb/v7e-m+dp/hard/crtbegin.o
 *(.bss*)
 *fill*         0x00000000240001f4        0x4 
 .bss.Vx        0x00000000240001f8        0x8 ./Core/Src/TIM_IT.o
                0x00000000240001f8                Vx
 .bss.Vy        0x0000000024000200        0x8 ./Core/Src/TIM_IT.o
                0x0000000024000200                Vy
 .bss.W         0x0000000024000208        0x8 ./Core/Src/TIM_IT.o
                0x0000000024000208                W
 .bss.delay_start
                0x0000000024000210        0x4 ./Core/Src/TIM_IT.o
                0x0000000024000210                delay_start
 .bss.delay     0x0000000024000214        0x4 ./Core/Src/TIM_IT.o
                0x0000000024000214                delay
 .bss.FL        0x0000000024000218       0x78 ./Core/Src/chassis_DCmotor.o
                0x0000000024000218                FL
 .bss.BL        0x0000000024000290       0x78 ./Core/Src/chassis_DCmotor.o
                0x0000000024000290                BL
 .bss.BR        0x0000000024000308       0x78 ./Core/Src/chassis_DCmotor.o
                0x0000000024000308                BR
 .bss.FR        0x0000000024000380       0x78 ./Core/Src/chassis_DCmotor.o
                0x0000000024000380                FR
 .bss.htim1     0x00000000240003f8       0x4c ./Core/Src/main.o
                0x00000000240003f8                htim1
 .bss.htim2     0x0000000024000444       0x4c ./Core/Src/main.o
                0x0000000024000444                htim2
 .bss.htim3     0x0000000024000490       0x4c ./Core/Src/main.o
                0x0000000024000490                htim3
 .bss.htim4     0x00000000240004dc       0x4c ./Core/Src/main.o
                0x00000000240004dc                htim4
 .bss.htim5     0x0000000024000528       0x4c ./Core/Src/main.o
                0x0000000024000528                htim5
 .bss.htim8     0x0000000024000574       0x4c ./Core/Src/main.o
                0x0000000024000574                htim8
 .bss.htim12    0x00000000240005c0       0x4c ./Core/Src/main.o
                0x00000000240005c0                htim12
 .bss.htim15    0x000000002400060c       0x4c ./Core/Src/main.o
                0x000000002400060c                htim15
 .bss.htim23    0x0000000024000658       0x4c ./Core/Src/main.o
                0x0000000024000658                htim23
 *fill*         0x00000000240006a4        0x4 
 .bss.pusher_A  0x00000000240006a8       0x20 ./Core/Src/pusher.o
                0x00000000240006a8                pusher_A
 .bss.pusher_B  0x00000000240006c8       0x20 ./Core/Src/pusher.o
                0x00000000240006c8                pusher_B
 .bss.script_a  0x00000000240006e8        0x4 ./Core/Src/script.o
                0x00000000240006e8                script_a
 .bss.uwTick    0x00000000240006ec        0x4 ./Drivers/STM32H7xx_HAL_Driver/Src/stm32h7xx_hal.o
                0x00000000240006ec                uwTick
 *(COMMON)
                0x00000000240006f0                . = ALIGN (0x4)
                0x00000000240006f0                _ebss = .
                0x00000000240006f0                __bss_end__ = _ebss

._user_heap_stack
                0x00000000240006f0      0x600 load address 0x00000000080052cc
                0x00000000240006f0                . = ALIGN (0x8)
                [!provide]                        PROVIDE (end = .)
                0x00000000240006f0                PROVIDE (_end = .)
                0x00000000240008f0                . = (. + _Min_Heap_Size)
 *fill*         0x00000000240006f0      0x200 
                0x0000000024000cf0                . = (. + _Min_Stack_Size)
 *fill*         0x00000000240008f0      0x400 
                0x0000000024000cf0                . = ALIGN (0x8)

/DISCARD/
 libc.a(*)
 libm.a(*)
 libgcc.a(*)

.ARM.attributes
                0x0000000000000000       0x2e
 *(.ARM.attributes)
 .ARM.attributes
                0x0000000000000000       0x1e c:/st/stm32cubeide_1.10.1/stm32cubeide/plugins/com.st.stm32cube.ide.mcu.externaltools.gnu-tools-for-stm32.10.3-2021.10.win32_1.0.0.202111181127/tools/bin/../lib/gcc/arm-none-eabi/10.3.1/thumb/v7e-m+dp/hard/crti.o
 .ARM.attributes
                0x000000000000001e       0x32 c:/st/stm32cubeide_1.10.1/stm32cubeide/plugins/com.st.stm32cube.ide.mcu.externaltools.gnu-tools-for-stm32.10.3-2021.10.win32_1.0.0.202111181127/tools/bin/../lib/gcc/arm-none-eabi/10.3.1/thumb/v7e-m+dp/hard/crtbegin.o
 .ARM.attributes
                0x0000000000000050       0x32 ./Core/Src/PID.o
 .ARM.attributes
                0x0000000000000082       0x32 ./Core/Src/TIM_IT.o
 .ARM.attributes
                0x00000000000000b4       0x32 ./Core/Src/chassis_DCmotor.o
 .ARM.attributes
                0x00000000000000e6       0x32 ./Core/Src/main.o
 .ARM.attributes
                0x0000000000000118       0x32 ./Core/Src/mainpp.o
 .ARM.attributes
                0x000000000000014a       0x32 ./Core/Src/pusher.o
 .ARM.attributes
                0x000000000000017c       0x32 ./Core/Src/script.o
 .ARM.attributes
                0x00000000000001ae       0x32 ./Core/Src/stm32h7xx_hal_msp.o
 .ARM.attributes
                0x00000000000001e0       0x32 ./Core/Src/stm32h7xx_it.o
 .ARM.attributes
                0x0000000000000212       0x32 ./Core/Src/system_stm32h7xx.o
 .ARM.attributes
                0x0000000000000244       0x21 ./Core/Startup/startup_stm32h723zgtx.o
 .ARM.attributes
                0x0000000000000265       0x32 ./Drivers/STM32H7xx_HAL_Driver/Src/stm32h7xx_hal.o
 .ARM.attributes
                0x0000000000000297       0x32 ./Drivers/STM32H7xx_HAL_Driver/Src/stm32h7xx_hal_cortex.o
 .ARM.attributes
                0x00000000000002c9       0x32 ./Drivers/STM32H7xx_HAL_Driver/Src/stm32h7xx_hal_gpio.o
 .ARM.attributes
                0x00000000000002fb       0x32 ./Drivers/STM32H7xx_HAL_Driver/Src/stm32h7xx_hal_pwr_ex.o
 .ARM.attributes
                0x000000000000032d       0x32 ./Drivers/STM32H7xx_HAL_Driver/Src/stm32h7xx_hal_rcc.o
 .ARM.attributes
                0x000000000000035f       0x32 ./Drivers/STM32H7xx_HAL_Driver/Src/stm32h7xx_hal_tim.o
 .ARM.attributes
                0x0000000000000391       0x32 ./Drivers/STM32H7xx_HAL_Driver/Src/stm32h7xx_hal_tim_ex.o
 .ARM.attributes
                0x00000000000003c3       0x32 c:/st/stm32cubeide_1.10.1/stm32cubeide/plugins/com.st.stm32cube.ide.mcu.externaltools.gnu-tools-for-stm32.10.3-2021.10.win32_1.0.0.202111181127/tools/bin/../lib/gcc/arm-none-eabi/10.3.1/../../../../arm-none-eabi/lib/thumb/v7e-m+dp/hard\libc_nano.a(lib_a-init.o)
 .ARM.attributes
                0x00000000000003f5       0x32 c:/st/stm32cubeide_1.10.1/stm32cubeide/plugins/com.st.stm32cube.ide.mcu.externaltools.gnu-tools-for-stm32.10.3-2021.10.win32_1.0.0.202111181127/tools/bin/../lib/gcc/arm-none-eabi/10.3.1/../../../../arm-none-eabi/lib/thumb/v7e-m+dp/hard\libc_nano.a(lib_a-memset.o)
 .ARM.attributes
                0x0000000000000427       0x1e c:/st/stm32cubeide_1.10.1/stm32cubeide/plugins/com.st.stm32cube.ide.mcu.externaltools.gnu-tools-for-stm32.10.3-2021.10.win32_1.0.0.202111181127/tools/bin/../lib/gcc/arm-none-eabi/10.3.1/thumb/v7e-m+dp/hard/crtn.o
OUTPUT(stm_project_test.elf elf32-littlearm)
LOAD linker stubs
LOAD c:/st/stm32cubeide_1.10.1/stm32cubeide/plugins/com.st.stm32cube.ide.mcu.externaltools.gnu-tools-for-stm32.10.3-2021.10.win32_1.0.0.202111181127/tools/bin/../lib/gcc/arm-none-eabi/10.3.1/../../../../arm-none-eabi/lib/thumb/v7e-m+dp/hard\libc.a
LOAD c:/st/stm32cubeide_1.10.1/stm32cubeide/plugins/com.st.stm32cube.ide.mcu.externaltools.gnu-tools-for-stm32.10.3-2021.10.win32_1.0.0.202111181127/tools/bin/../lib/gcc/arm-none-eabi/10.3.1/../../../../arm-none-eabi/lib/thumb/v7e-m+dp/hard\libm.a
LOAD c:/st/stm32cubeide_1.10.1/stm32cubeide/plugins/com.st.stm32cube.ide.mcu.externaltools.gnu-tools-for-stm32.10.3-2021.10.win32_1.0.0.202111181127/tools/bin/../lib/gcc/arm-none-eabi/10.3.1/thumb/v7e-m+dp/hard\libgcc.a

.debug_info     0x0000000000000000    0x18e88
 .debug_info    0x0000000000000000     0x1917 ./Core/Src/PID.o
 .debug_info    0x0000000000001917     0x244f ./Core/Src/TIM_IT.o
 .debug_info    0x0000000000003d66     0x2391 ./Core/Src/chassis_DCmotor.o
 .debug_info    0x00000000000060f7     0x1741 ./Core/Src/main.o
 .debug_info    0x0000000000007838     0x2056 ./Core/Src/mainpp.o
 .debug_info    0x000000000000988e     0x1a4f ./Core/Src/pusher.o
 .debug_info    0x000000000000b2dd     0x1934 ./Core/Src/script.o
 .debug_info    0x000000000000cc11     0x13b3 ./Core/Src/stm32h7xx_hal_msp.o
 .debug_info    0x000000000000dfc4      0x91e ./Core/Src/stm32h7xx_it.o
 .debug_info    0x000000000000e8e2      0xb45 ./Core/Src/system_stm32h7xx.o
 .debug_info    0x000000000000f427       0x22 ./Core/Startup/startup_stm32h723zgtx.o
 .debug_info    0x000000000000f449     0x1746 ./Drivers/STM32H7xx_HAL_Driver/Src/stm32h7xx_hal.o
 .debug_info    0x0000000000010b8f     0x1161 ./Drivers/STM32H7xx_HAL_Driver/Src/stm32h7xx_hal_cortex.o
 .debug_info    0x0000000000011cf0      0xd37 ./Drivers/STM32H7xx_HAL_Driver/Src/stm32h7xx_hal_gpio.o
 .debug_info    0x0000000000012a27      0xe71 ./Drivers/STM32H7xx_HAL_Driver/Src/stm32h7xx_hal_pwr_ex.o
 .debug_info    0x0000000000013898      0xe4a ./Drivers/STM32H7xx_HAL_Driver/Src/stm32h7xx_hal_rcc.o
 .debug_info    0x00000000000146e2     0x2dd1 ./Drivers/STM32H7xx_HAL_Driver/Src/stm32h7xx_hal_tim.o
 .debug_info    0x00000000000174b3     0x19d5 ./Drivers/STM32H7xx_HAL_Driver/Src/stm32h7xx_hal_tim_ex.o

.debug_abbrev   0x0000000000000000     0x2a63
 .debug_abbrev  0x0000000000000000      0x1f7 ./Core/Src/PID.o
 .debug_abbrev  0x00000000000001f7      0x35c ./Core/Src/TIM_IT.o
 .debug_abbrev  0x0000000000000553      0x39b ./Core/Src/chassis_DCmotor.o
 .debug_abbrev  0x00000000000008ee      0x2a7 ./Core/Src/main.o
 .debug_abbrev  0x0000000000000b95      0x316 ./Core/Src/mainpp.o
 .debug_abbrev  0x0000000000000eab      0x2bb ./Core/Src/pusher.o
 .debug_abbrev  0x0000000000001166      0x235 ./Core/Src/script.o
 .debug_abbrev  0x000000000000139b      0x23f ./Core/Src/stm32h7xx_hal_msp.o
 .debug_abbrev  0x00000000000015da      0x19e ./Core/Src/stm32h7xx_it.o
 .debug_abbrev  0x0000000000001778      0x136 ./Core/Src/system_stm32h7xx.o
 .debug_abbrev  0x00000000000018ae       0x12 ./Core/Startup/startup_stm32h723zgtx.o
 .debug_abbrev  0x00000000000018c0      0x292 ./Drivers/STM32H7xx_HAL_Driver/Src/stm32h7xx_hal.o
 .debug_abbrev  0x0000000000001b52      0x329 ./Drivers/STM32H7xx_HAL_Driver/Src/stm32h7xx_hal_cortex.o
 .debug_abbrev  0x0000000000001e7b      0x1ec ./Drivers/STM32H7xx_HAL_Driver/Src/stm32h7xx_hal_gpio.o
 .debug_abbrev  0x0000000000002067      0x27e ./Drivers/STM32H7xx_HAL_Driver/Src/stm32h7xx_hal_pwr_ex.o
 .debug_abbrev  0x00000000000022e5      0x2a7 ./Drivers/STM32H7xx_HAL_Driver/Src/stm32h7xx_hal_rcc.o
 .debug_abbrev  0x000000000000258c      0x25d ./Drivers/STM32H7xx_HAL_Driver/Src/stm32h7xx_hal_tim.o
 .debug_abbrev  0x00000000000027e9      0x27a ./Drivers/STM32H7xx_HAL_Driver/Src/stm32h7xx_hal_tim_ex.o

.debug_aranges  0x0000000000000000      0xd80
 .debug_aranges
                0x0000000000000000       0x20 ./Core/Src/PID.o
 .debug_aranges
                0x0000000000000020       0x20 ./Core/Src/TIM_IT.o
 .debug_aranges
                0x0000000000000040       0x48 ./Core/Src/chassis_DCmotor.o
 .debug_aranges
                0x0000000000000088       0x80 ./Core/Src/main.o
 .debug_aranges
                0x0000000000000108       0x30 ./Core/Src/mainpp.o
 .debug_aranges
                0x0000000000000138       0x48 ./Core/Src/pusher.o
 .debug_aranges
                0x0000000000000180       0x28 ./Core/Src/script.o
 .debug_aranges
                0x00000000000001a8       0x58 ./Core/Src/stm32h7xx_hal_msp.o
 .debug_aranges
                0x0000000000000200       0xa8 ./Core/Src/stm32h7xx_it.o
 .debug_aranges
                0x00000000000002a8       0x28 ./Core/Src/system_stm32h7xx.o
 .debug_aranges
                0x00000000000002d0       0x28 ./Core/Startup/startup_stm32h723zgtx.o
 .debug_aranges
                0x00000000000002f8      0x1c8 ./Drivers/STM32H7xx_HAL_Driver/Src/stm32h7xx_hal.o
 .debug_aranges
                0x00000000000004c0      0x120 ./Drivers/STM32H7xx_HAL_Driver/Src/stm32h7xx_hal_cortex.o
 .debug_aranges
                0x00000000000005e0       0x58 ./Drivers/STM32H7xx_HAL_Driver/Src/stm32h7xx_hal_gpio.o
 .debug_aranges
                0x0000000000000638      0x148 ./Drivers/STM32H7xx_HAL_Driver/Src/stm32h7xx_hal_pwr_ex.o
 .debug_aranges
                0x0000000000000780       0x88 ./Drivers/STM32H7xx_HAL_Driver/Src/stm32h7xx_hal_rcc.o
 .debug_aranges
                0x0000000000000808      0x3e0 ./Drivers/STM32H7xx_HAL_Driver/Src/stm32h7xx_hal_tim.o
 .debug_aranges
                0x0000000000000be8      0x198 ./Drivers/STM32H7xx_HAL_Driver/Src/stm32h7xx_hal_tim_ex.o

.debug_ranges   0x0000000000000000      0xc68
 .debug_ranges  0x0000000000000000       0x10 ./Core/Src/PID.o
 .debug_ranges  0x0000000000000010       0x10 ./Core/Src/TIM_IT.o
 .debug_ranges  0x0000000000000020       0x38 ./Core/Src/chassis_DCmotor.o
 .debug_ranges  0x0000000000000058       0x70 ./Core/Src/main.o
 .debug_ranges  0x00000000000000c8       0x20 ./Core/Src/mainpp.o
 .debug_ranges  0x00000000000000e8       0x38 ./Core/Src/pusher.o
 .debug_ranges  0x0000000000000120       0x18 ./Core/Src/script.o
 .debug_ranges  0x0000000000000138       0x48 ./Core/Src/stm32h7xx_hal_msp.o
 .debug_ranges  0x0000000000000180       0x98 ./Core/Src/stm32h7xx_it.o
 .debug_ranges  0x0000000000000218       0x18 ./Core/Src/system_stm32h7xx.o
 .debug_ranges  0x0000000000000230       0x20 ./Core/Startup/startup_stm32h723zgtx.o
 .debug_ranges  0x0000000000000250      0x1b8 ./Drivers/STM32H7xx_HAL_Driver/Src/stm32h7xx_hal.o
 .debug_ranges  0x0000000000000408      0x110 ./Drivers/STM32H7xx_HAL_Driver/Src/stm32h7xx_hal_cortex.o
 .debug_ranges  0x0000000000000518       0x48 ./Drivers/STM32H7xx_HAL_Driver/Src/stm32h7xx_hal_gpio.o
 .debug_ranges  0x0000000000000560      0x138 ./Drivers/STM32H7xx_HAL_Driver/Src/stm32h7xx_hal_pwr_ex.o
 .debug_ranges  0x0000000000000698       0x78 ./Drivers/STM32H7xx_HAL_Driver/Src/stm32h7xx_hal_rcc.o
 .debug_ranges  0x0000000000000710      0x3d0 ./Drivers/STM32H7xx_HAL_Driver/Src/stm32h7xx_hal_tim.o
 .debug_ranges  0x0000000000000ae0      0x188 ./Drivers/STM32H7xx_HAL_Driver/Src/stm32h7xx_hal_tim_ex.o

.debug_macro    0x0000000000000000    0x35668
 .debug_macro   0x0000000000000000      0x1c8 ./Core/Src/PID.o
 .debug_macro   0x00000000000001c8      0xb68 ./Core/Src/PID.o
 .debug_macro   0x0000000000000d30      0x18a ./Core/Src/PID.o
 .debug_macro   0x0000000000000eba       0x10 ./Core/Src/PID.o
 .debug_macro   0x0000000000000eca      0x3d1 ./Core/Src/PID.o
 .debug_macro   0x000000000000129b       0x18 ./Core/Src/PID.o
 .debug_macro   0x00000000000012b3       0x22 ./Core/Src/PID.o
 .debug_macro   0x00000000000012d5       0x4c ./Core/Src/PID.o
 .debug_macro   0x0000000000001321       0x1d ./Core/Src/PID.o
 .debug_macro   0x000000000000133e       0x94 ./Core/Src/PID.o
 .debug_macro   0x00000000000013d2       0x3c ./Core/Src/PID.o
 .debug_macro   0x000000000000140e       0x34 ./Core/Src/PID.o
 .debug_macro   0x0000000000001442      0x17b ./Core/Src/PID.o
 .debug_macro   0x00000000000015bd       0x16 ./Core/Src/PID.o
 .debug_macro   0x00000000000015d3       0x43 ./Core/Src/PID.o
 .debug_macro   0x0000000000001616       0x57 ./Core/Src/PID.o
 .debug_macro   0x000000000000166d       0x34 ./Core/Src/PID.o
 .debug_macro   0x00000000000016a1       0x10 ./Core/Src/PID.o
 .debug_macro   0x00000000000016b1       0x58 ./Core/Src/PID.o
 .debug_macro   0x0000000000001709       0x71 ./Core/Src/PID.o
 .debug_macro   0x000000000000177a       0x16 ./Core/Src/PID.o
 .debug_macro   0x0000000000001790      0x12a ./Core/Src/PID.o
 .debug_macro   0x00000000000018ba      0x364 ./Core/Src/PID.o
 .debug_macro   0x0000000000001c1e      0x194 ./Core/Src/PID.o
 .debug_macro   0x0000000000001db2       0x10 ./Core/Src/PID.o
 .debug_macro   0x0000000000001dc2       0x16 ./Core/Src/PID.o
 .debug_macro   0x0000000000001dd8       0x35 ./Core/Src/PID.o
 .debug_macro   0x0000000000001e0d       0x16 ./Core/Src/PID.o
 .debug_macro   0x0000000000001e23       0x29 ./Core/Src/PID.o
 .debug_macro   0x0000000000001e4c       0x10 ./Core/Src/PID.o
 .debug_macro   0x0000000000001e5c      0x3c7 ./Core/Src/PID.o
 .debug_macro   0x0000000000002223       0x1c ./Core/Src/PID.o
 .debug_macro   0x000000000000223f      0x103 ./Core/Src/PID.o
 .debug_macro   0x0000000000002342       0x6a ./Core/Src/PID.o
 .debug_macro   0x00000000000023ac      0x1df ./Core/Src/PID.o
 .debug_macro   0x000000000000258b       0x3a ./Core/Src/PID.o
 .debug_macro   0x00000000000025c5      0x386 ./Core/Src/TIM_IT.o
 .debug_macro   0x000000000000294b      0x232 ./Core/Src/TIM_IT.o
 .debug_macro   0x0000000000002b7d       0x2e ./Core/Src/TIM_IT.o
 .debug_macro   0x0000000000002bab       0x3b ./Core/Src/TIM_IT.o
 .debug_macro   0x0000000000002be6       0x8e ./Core/Src/TIM_IT.o
 .debug_macro   0x0000000000002c74       0x51 ./Core/Src/TIM_IT.o
 .debug_macro   0x0000000000002cc5       0x1c ./Core/Src/TIM_IT.o
 .debug_macro   0x0000000000002ce1       0x22 ./Core/Src/TIM_IT.o
 .debug_macro   0x0000000000002d03       0xfb ./Core/Src/TIM_IT.o
 .debug_macro   0x0000000000002dfe     0x1305 ./Core/Src/TIM_IT.o
 .debug_macro   0x0000000000004103      0x11f ./Core/Src/TIM_IT.o
 .debug_macro   0x0000000000004222       0x27 ./Core/Src/TIM_IT.o
 .debug_macro   0x0000000000004249    0x211d1 ./Core/Src/TIM_IT.o
 .debug_macro   0x000000000002541a       0x6d ./Core/Src/TIM_IT.o
 .debug_macro   0x0000000000025487     0x3d0d ./Core/Src/TIM_IT.o
 .debug_macro   0x0000000000029194       0x52 ./Core/Src/TIM_IT.o
 .debug_macro   0x00000000000291e6       0x5d ./Core/Src/TIM_IT.o
 .debug_macro   0x0000000000029243     0x2462 ./Core/Src/TIM_IT.o
 .debug_macro   0x000000000002b6a5     0x104f ./Core/Src/TIM_IT.o
 .debug_macro   0x000000000002c6f4      0x14d ./Core/Src/TIM_IT.o
 .debug_macro   0x000000000002c841      0x114 ./Core/Src/TIM_IT.o
 .debug_macro   0x000000000002c955      0x3f8 ./Core/Src/TIM_IT.o
 .debug_macro   0x000000000002cd4d       0xac ./Core/Src/TIM_IT.o
 .debug_macro   0x000000000002cdf9      0x788 ./Core/Src/TIM_IT.o
 .debug_macro   0x000000000002d581      0x228 ./Core/Src/TIM_IT.o
 .debug_macro   0x000000000002d7a9       0x66 ./Core/Src/TIM_IT.o
 .debug_macro   0x000000000002d80f      0x3a6 ./Core/Src/TIM_IT.o
 .debug_macro   0x000000000002dbb5      0x3f9 ./Core/Src/TIM_IT.o
 .debug_macro   0x000000000002dfae      0x275 ./Core/Src/TIM_IT.o
 .debug_macro   0x000000000002e223      0x3ca ./Core/Src/TIM_IT.o
 .debug_macro   0x000000000002e5ed      0x45c ./Core/Src/TIM_IT.o
 .debug_macro   0x000000000002ea49       0x3c ./Core/Src/TIM_IT.o
 .debug_macro   0x000000000002ea85       0x4a ./Core/Src/TIM_IT.o
 .debug_macro   0x000000000002eacf      0x22c ./Core/Src/TIM_IT.o
 .debug_macro   0x000000000002ecfb       0x67 ./Core/Src/TIM_IT.o
 .debug_macro   0x000000000002ed62       0xa5 ./Core/Src/TIM_IT.o
 .debug_macro   0x000000000002ee07      0x1c4 ./Core/Src/TIM_IT.o
 .debug_macro   0x000000000002efcb      0x22a ./Core/Src/TIM_IT.o
 .debug_macro   0x000000000002f1f5       0x35 ./Core/Src/TIM_IT.o
 .debug_macro   0x000000000002f22a      0xb16 ./Core/Src/TIM_IT.o
 .debug_macro   0x000000000002fd40      0x29f ./Core/Src/TIM_IT.o
 .debug_macro   0x000000000002ffdf      0x5e6 ./Core/Src/TIM_IT.o
 .debug_macro   0x00000000000305c5       0xf4 ./Core/Src/TIM_IT.o
 .debug_macro   0x00000000000306b9       0x10 ./Core/Src/TIM_IT.o
 .debug_macro   0x00000000000306c9       0x70 ./Core/Src/TIM_IT.o
 .debug_macro   0x0000000000030739      0x346 ./Core/Src/chassis_DCmotor.o
 .debug_macro   0x0000000000030a7f      0x2a8 ./Core/Src/main.o
 .debug_macro   0x0000000000030d27      0xa90 ./Core/Src/main.o
 .debug_macro   0x00000000000317b7     0x1305 ./Core/Src/main.o
 .debug_macro   0x0000000000032abc      0x174 ./Core/Src/main.o
 .debug_macro   0x0000000000032c30       0x34 ./Core/Src/main.o
 .debug_macro   0x0000000000032c64       0x43 ./Core/Src/main.o
 .debug_macro   0x0000000000032ca7       0x1c ./Core/Src/main.o
 .debug_macro   0x0000000000032cc3      0x341 ./Core/Src/main.o
 .debug_macro   0x0000000000033004      0x19b ./Core/Src/main.o
 .debug_macro   0x000000000003319f      0x35c ./Core/Src/mainpp.o
 .debug_macro   0x00000000000334fb       0x6a ./Core/Src/mainpp.o
 .debug_macro   0x0000000000033565      0x33f ./Core/Src/pusher.o
 .debug_macro   0x00000000000338a4      0x349 ./Core/Src/script.o
 .debug_macro   0x0000000000033bed      0x29e ./Core/Src/stm32h7xx_hal_msp.o
 .debug_macro   0x0000000000033e8b      0x2a8 ./Core/Src/stm32h7xx_it.o
 .debug_macro   0x0000000000034133      0x294 ./Core/Src/system_stm32h7xx.o
 .debug_macro   0x00000000000343c7      0x2be ./Drivers/STM32H7xx_HAL_Driver/Src/stm32h7xx_hal.o
 .debug_macro   0x0000000000034685      0x294 ./Drivers/STM32H7xx_HAL_Driver/Src/stm32h7xx_hal_cortex.o
 .debug_macro   0x0000000000034919      0x29b ./Drivers/STM32H7xx_HAL_Driver/Src/stm32h7xx_hal_gpio.o
 .debug_macro   0x0000000000034bb4      0x2cd ./Drivers/STM32H7xx_HAL_Driver/Src/stm32h7xx_hal_pwr_ex.o
 .debug_macro   0x0000000000034e81      0x2b8 ./Drivers/STM32H7xx_HAL_Driver/Src/stm32h7xx_hal_rcc.o
 .debug_macro   0x0000000000035139      0x295 ./Drivers/STM32H7xx_HAL_Driver/Src/stm32h7xx_hal_tim.o
 .debug_macro   0x00000000000353ce      0x29a ./Drivers/STM32H7xx_HAL_Driver/Src/stm32h7xx_hal_tim_ex.o

.debug_line     0x0000000000000000    0x11d24
 .debug_line    0x0000000000000000      0x969 ./Core/Src/PID.o
 .debug_line    0x0000000000000969      0xe15 ./Core/Src/TIM_IT.o
 .debug_line    0x000000000000177e      0xd8d ./Core/Src/chassis_DCmotor.o
 .debug_line    0x000000000000250b      0xc62 ./Core/Src/main.o
 .debug_line    0x000000000000316d      0xc71 ./Core/Src/mainpp.o
 .debug_line    0x0000000000003dde      0xc94 ./Core/Src/pusher.o
 .debug_line    0x0000000000004a72      0xd0c ./Core/Src/script.o
 .debug_line    0x000000000000577e      0xa4c ./Core/Src/stm32h7xx_hal_msp.o
 .debug_line    0x00000000000061ca      0x9b4 ./Core/Src/stm32h7xx_it.o
 .debug_line    0x0000000000006b7e      0x9bd ./Core/Src/system_stm32h7xx.o
 .debug_line    0x000000000000753b       0x88 ./Core/Startup/startup_stm32h723zgtx.o
 .debug_line    0x00000000000075c3      0xe57 ./Drivers/STM32H7xx_HAL_Driver/Src/stm32h7xx_hal.o
 .debug_line    0x000000000000841a      0xdcc ./Drivers/STM32H7xx_HAL_Driver/Src/stm32h7xx_hal_cortex.o
 .debug_line    0x00000000000091e6      0xc75 ./Drivers/STM32H7xx_HAL_Driver/Src/stm32h7xx_hal_gpio.o
 .debug_line    0x0000000000009e5b      0xe3b ./Drivers/STM32H7xx_HAL_Driver/Src/stm32h7xx_hal_pwr_ex.o
 .debug_line    0x000000000000ac96     0x129b ./Drivers/STM32H7xx_HAL_Driver/Src/stm32h7xx_hal_rcc.o
 .debug_line    0x000000000000bf31     0x3f1f ./Drivers/STM32H7xx_HAL_Driver/Src/stm32h7xx_hal_tim.o
 .debug_line    0x000000000000fe50     0x1ed4 ./Drivers/STM32H7xx_HAL_Driver/Src/stm32h7xx_hal_tim_ex.o

.debug_str      0x0000000000000000   0x1461be
 .debug_str     0x0000000000000000     0x9d98 ./Core/Src/PID.o
                                       0xa096 (size before relaxing)
 .debug_str     0x0000000000009d98   0x1381e1 ./Core/Src/TIM_IT.o
                                     0x142758 (size before relaxing)
 .debug_str     0x0000000000141f79      0x205 ./Core/Src/chassis_DCmotor.o
                                     0x14221e (size before relaxing)
 .debug_str     0x000000000014217e      0xb6b ./Core/Src/main.o
                                     0x13fc93 (size before relaxing)
 .debug_str     0x0000000000142ce9       0x81 ./Core/Src/mainpp.o
                                     0x142222 (size before relaxing)
 .debug_str     0x0000000000142d6a       0x53 ./Core/Src/pusher.o
                                     0x141b14 (size before relaxing)
 .debug_str     0x0000000000142dbd       0x42 ./Core/Src/script.o
                                     0x141a67 (size before relaxing)
 .debug_str     0x0000000000142dff      0x884 ./Core/Src/stm32h7xx_hal_msp.o
                                     0x13fedc (size before relaxing)
 .debug_str     0x0000000000143683      0x164 ./Core/Src/stm32h7xx_it.o
                                     0x13f4bc (size before relaxing)
 .debug_str     0x00000000001437e7      0x2a6 ./Core/Src/system_stm32h7xx.o
                                     0x13f1b8 (size before relaxing)
 .debug_str     0x0000000000143a8d       0x36 ./Core/Startup/startup_stm32h723zgtx.o
                                         0x7a (size before relaxing)
 .debug_str     0x0000000000143ac3      0x954 ./Drivers/STM32H7xx_HAL_Driver/Src/stm32h7xx_hal.o
                                     0x140242 (size before relaxing)
 .debug_str     0x0000000000144417      0x32f ./Drivers/STM32H7xx_HAL_Driver/Src/stm32h7xx_hal_cortex.o
                                     0x13fb24 (size before relaxing)
 .debug_str     0x0000000000144746       0xf1 ./Drivers/STM32H7xx_HAL_Driver/Src/stm32h7xx_hal_gpio.o
                                     0x13f203 (size before relaxing)
 .debug_str     0x0000000000144837      0x5ee ./Drivers/STM32H7xx_HAL_Driver/Src/stm32h7xx_hal_pwr_ex.o
                                     0x13f60b (size before relaxing)
 .debug_str     0x0000000000144e25      0x22e ./Drivers/STM32H7xx_HAL_Driver/Src/stm32h7xx_hal_rcc.o
                                     0x13f586 (size before relaxing)
 .debug_str     0x0000000000145053      0xc5f ./Drivers/STM32H7xx_HAL_Driver/Src/stm32h7xx_hal_tim.o
                                     0x140374 (size before relaxing)
 .debug_str     0x0000000000145cb2      0x50c ./Drivers/STM32H7xx_HAL_Driver/Src/stm32h7xx_hal_tim_ex.o
                                     0x13fd31 (size before relaxing)

.comment        0x0000000000000000       0x50
 .comment       0x0000000000000000       0x50 ./Core/Src/PID.o
                                         0x51 (size before relaxing)
 .comment       0x0000000000000050       0x51 ./Core/Src/TIM_IT.o
 .comment       0x0000000000000050       0x51 ./Core/Src/chassis_DCmotor.o
 .comment       0x0000000000000050       0x51 ./Core/Src/main.o
 .comment       0x0000000000000050       0x51 ./Core/Src/mainpp.o
 .comment       0x0000000000000050       0x51 ./Core/Src/pusher.o
 .comment       0x0000000000000050       0x51 ./Core/Src/script.o
 .comment       0x0000000000000050       0x51 ./Core/Src/stm32h7xx_hal_msp.o
 .comment       0x0000000000000050       0x51 ./Core/Src/stm32h7xx_it.o
 .comment       0x0000000000000050       0x51 ./Core/Src/system_stm32h7xx.o
 .comment       0x0000000000000050       0x51 ./Drivers/STM32H7xx_HAL_Driver/Src/stm32h7xx_hal.o
 .comment       0x0000000000000050       0x51 ./Drivers/STM32H7xx_HAL_Driver/Src/stm32h7xx_hal_cortex.o
 .comment       0x0000000000000050       0x51 ./Drivers/STM32H7xx_HAL_Driver/Src/stm32h7xx_hal_gpio.o
 .comment       0x0000000000000050       0x51 ./Drivers/STM32H7xx_HAL_Driver/Src/stm32h7xx_hal_pwr_ex.o
 .comment       0x0000000000000050       0x51 ./Drivers/STM32H7xx_HAL_Driver/Src/stm32h7xx_hal_rcc.o
 .comment       0x0000000000000050       0x51 ./Drivers/STM32H7xx_HAL_Driver/Src/stm32h7xx_hal_tim.o
 .comment       0x0000000000000050       0x51 ./Drivers/STM32H7xx_HAL_Driver/Src/stm32h7xx_hal_tim_ex.o

.debug_frame    0x0000000000000000     0x369c
 .debug_frame   0x0000000000000000       0x3c ./Core/Src/PID.o
 .debug_frame   0x000000000000003c       0x38 ./Core/Src/TIM_IT.o
 .debug_frame   0x0000000000000074       0xe4 ./Core/Src/chassis_DCmotor.o
 .debug_frame   0x0000000000000158      0x1d0 ./Core/Src/main.o
 .debug_frame   0x0000000000000328       0x74 ./Core/Src/mainpp.o
 .debug_frame   0x000000000000039c       0xf0 ./Core/Src/pusher.o
 .debug_frame   0x000000000000048c       0x54 ./Core/Src/script.o
 .debug_frame   0x00000000000004e0      0x138 ./Core/Src/stm32h7xx_hal_msp.o
 .debug_frame   0x0000000000000618      0x200 ./Core/Src/stm32h7xx_it.o
 .debug_frame   0x0000000000000818       0x58 ./Core/Src/system_stm32h7xx.o
 .debug_frame   0x0000000000000870      0x760 ./Drivers/STM32H7xx_HAL_Driver/Src/stm32h7xx_hal.o
 .debug_frame   0x0000000000000fd0      0x4b8 ./Drivers/STM32H7xx_HAL_Driver/Src/stm32h7xx_hal_cortex.o
 .debug_frame   0x0000000000001488      0x14c ./Drivers/STM32H7xx_HAL_Driver/Src/stm32h7xx_hal_gpio.o
 .debug_frame   0x00000000000015d4      0x540 ./Drivers/STM32H7xx_HAL_Driver/Src/stm32h7xx_hal_pwr_ex.o
 .debug_frame   0x0000000000001b14      0x1fc ./Drivers/STM32H7xx_HAL_Driver/Src/stm32h7xx_hal_rcc.o
 .debug_frame   0x0000000000001d10     0x121c ./Drivers/STM32H7xx_HAL_Driver/Src/stm32h7xx_hal_tim.o
 .debug_frame   0x0000000000002f2c      0x724 ./Drivers/STM32H7xx_HAL_Driver/Src/stm32h7xx_hal_tim_ex.o
 .debug_frame   0x0000000000003650       0x2c c:/st/stm32cubeide_1.10.1/stm32cubeide/plugins/com.st.stm32cube.ide.mcu.externaltools.gnu-tools-for-stm32.10.3-2021.10.win32_1.0.0.202111181127/tools/bin/../lib/gcc/arm-none-eabi/10.3.1/../../../../arm-none-eabi/lib/thumb/v7e-m+dp/hard\libc_nano.a(lib_a-init.o)
 .debug_frame   0x000000000000367c       0x20 c:/st/stm32cubeide_1.10.1/stm32cubeide/plugins/com.st.stm32cube.ide.mcu.externaltools.gnu-tools-for-stm32.10.3-2021.10.win32_1.0.0.202111181127/tools/bin/../lib/gcc/arm-none-eabi/10.3.1/../../../../arm-none-eabi/lib/thumb/v7e-m+dp/hard\libc_nano.a(lib_a-memset.o)
