../Core/Src/main.c:82:5:main	8	static
../Core/Src/main.c:134:6:SystemClock_Config	120	static
../Core/Src/main.c:185:13:MX_TIM1_Init	40	static
../Core/Src/main.c:232:13:MX_TIM2_Init	56	static
../Core/Src/main.c:281:13:MX_TIM3_Init	56	static
../Core/Src/main.c:330:13:MX_TIM4_Init	56	static
../Core/Src/main.c:379:13:MX_TIM5_Init	56	static
../Core/Src/main.c:428:13:MX_TIM8_Init	40	static
../Core/Src/main.c:475:13:MX_TIM12_Init	40	static
../Core/Src/main.c:521:13:MX_TIM15_Init	104	static
../Core/Src/main.c:591:13:MX_TIM23_Init	40	static
../Core/Src/main.c:636:13:MX_GPIO_Init	56	static
../Core/Src/main.c:722:6:Error_Handler	4	static,ignoring_inline_asm
