../Core/Src/stm32h7xx_it.c:76:6:NMI_Handler	4	static
../Core/Src/stm32h7xx_it.c:91:6:HardFault_Handler	4	static
../Core/Src/stm32h7xx_it.c:106:6:MemManage_Handler	4	static
../Core/Src/stm32h7xx_it.c:121:6:BusFault_Handler	4	static
../Core/Src/stm32h7xx_it.c:136:6:UsageFault_Handler	4	static
../Core/Src/stm32h7xx_it.c:151:6:SVC_Handler	4	static
../Core/Src/stm32h7xx_it.c:164:6:DebugMon_Handler	4	static
../Core/Src/stm32h7xx_it.c:177:6:PendSV_Handler	4	static
../Core/Src/stm32h7xx_it.c:190:6:SysTick_Handler	8	static
../Core/Src/stm32h7xx_it.c:211:6:DMA1_Stream0_IRQHandler	8	static
../Core/Src/stm32h7xx_it.c:225:6:DMA1_Stream1_IRQHandler	8	static
../Core/Src/stm32h7xx_it.c:239:6:TIM1_BRK_IRQHandler	8	static
../Core/Src/stm32h7xx_it.c:253:6:TIM1_UP_IRQHandler	8	static
../Core/Src/stm32h7xx_it.c:267:6:TIM1_TRG_COM_IRQHandler	8	static
../Core/Src/stm32h7xx_it.c:281:6:TIM1_CC_IRQHandler	8	static
../Core/Src/stm32h7xx_it.c:295:6:USART1_IRQHandler	8	static
../Core/Src/stm32h7xx_it.c:309:6:USART3_IRQHandler	8	static
../Core/Src/stm32h7xx_it.c:323:6:TIM8_BRK_TIM12_IRQHandler	8	static
../Core/Src/stm32h7xx_it.c:338:6:TIM8_UP_TIM13_IRQHandler	8	static
../Core/Src/stm32h7xx_it.c:352:6:TIM8_TRG_COM_TIM14_IRQHandler	8	static
../Core/Src/stm32h7xx_it.c:366:6:TIM8_CC_IRQHandler	8	static
../Core/Src/stm32h7xx_it.c:380:6:TIM23_IRQHandler	8	static
